Archive member included to satisfy reference by file (symbol)

./Drivers//STM32F4xx_HAL_Driver/libstm32fw.a(stm32f4xx_hal.o)
                              Src/main.o (HAL_Init)
./Drivers//STM32F4xx_HAL_Driver/libstm32fw.a(stm32f4xx_hal_cortex.o)
                              Src/stm32f4xx_hal_msp.o (HAL_NVIC_SetPriorityGrouping)
./Drivers//STM32F4xx_HAL_Driver/libstm32fw.a(stm32f4xx_hal_dma.o)
                              Src/stm32f429i_discovery_sdram.o (HAL_DMA_Init)
./Drivers//STM32F4xx_HAL_Driver/libstm32fw.a(stm32f4xx_hal_dma2d.o)
                              Src/main.o (HAL_DMA2D_Init)
./Drivers//STM32F4xx_HAL_Driver/libstm32fw.a(stm32f4xx_hal_gpio.o)
                              Src/main.o (HAL_GPIO_Init)
./Drivers//STM32F4xx_HAL_Driver/libstm32fw.a(stm32f4xx_hal_i2c.o)
                              Src/main.o (HAL_I2C_Init)
./Drivers//STM32F4xx_HAL_Driver/libstm32fw.a(stm32f4xx_hal_ltdc.o)
                              Src/main.o (HAL_LTDC_Init)
./Drivers//STM32F4xx_HAL_Driver/libstm32fw.a(stm32f4xx_hal_pwr_ex.o)
                              Src/main.o (HAL_PWREx_EnableOverDrive)
./Drivers//STM32F4xx_HAL_Driver/libstm32fw.a(stm32f4xx_hal_rcc.o)
                              Src/main.o (HAL_RCC_OscConfig)
./Drivers//STM32F4xx_HAL_Driver/libstm32fw.a(stm32f4xx_hal_rcc_ex.o)
                              Src/main.o (HAL_RCCEx_PeriphCLKConfig)
./Drivers//STM32F4xx_HAL_Driver/libstm32fw.a(stm32f4xx_hal_sdram.o)
                              Src/main.o (HAL_SDRAM_Init)
./Drivers//STM32F4xx_HAL_Driver/libstm32fw.a(stm32f4xx_hal_spi.o)
                              Src/main.o (HAL_SPI_Init)
./Drivers//STM32F4xx_HAL_Driver/libstm32fw.a(stm32f4xx_hal_uart.o)
                              Src/main.o (HAL_UART_Init)
./Drivers//STM32F4xx_HAL_Driver/libstm32fw.a(stm32f4xx_ll_fmc.o)
                              ./Drivers//STM32F4xx_HAL_Driver/libstm32fw.a(stm32f4xx_hal_sdram.o) (FMC_SDRAM_Init)
/usr/local/gcc-arm-none-eabi-5_4-2016q2/bin/../lib/gcc/arm-none-eabi/5.4.1/../../../../arm-none-eabi/lib/armv7e-m/softfp/libc.a(lib_a-exit.o)
                              /usr/local/gcc-arm-none-eabi-5_4-2016q2/bin/../lib/gcc/arm-none-eabi/5.4.1/../../../../arm-none-eabi/lib/armv7e-m/softfp/crt0.o (exit)
/usr/local/gcc-arm-none-eabi-5_4-2016q2/bin/../lib/gcc/arm-none-eabi/5.4.1/../../../../arm-none-eabi/lib/armv7e-m/softfp/libc.a(lib_a-impure.o)
                              /usr/local/gcc-arm-none-eabi-5_4-2016q2/bin/../lib/gcc/arm-none-eabi/5.4.1/../../../../arm-none-eabi/lib/armv7e-m/softfp/libc.a(lib_a-exit.o) (_global_impure_ptr)
/usr/local/gcc-arm-none-eabi-5_4-2016q2/bin/../lib/gcc/arm-none-eabi/5.4.1/../../../../arm-none-eabi/lib/armv7e-m/softfp/libc.a(lib_a-init.o)
                              /usr/local/gcc-arm-none-eabi-5_4-2016q2/bin/../lib/gcc/arm-none-eabi/5.4.1/../../../../arm-none-eabi/lib/armv7e-m/softfp/crt0.o (__libc_init_array)
/usr/local/gcc-arm-none-eabi-5_4-2016q2/bin/../lib/gcc/arm-none-eabi/5.4.1/../../../../arm-none-eabi/lib/armv7e-m/softfp/libc.a(lib_a-memset.o)
                              /usr/local/gcc-arm-none-eabi-5_4-2016q2/bin/../lib/gcc/arm-none-eabi/5.4.1/../../../../arm-none-eabi/lib/armv7e-m/softfp/crt0.o (memset)
/usr/local/gcc-arm-none-eabi-5_4-2016q2/bin/../lib/gcc/arm-none-eabi/5.4.1/../../../../arm-none-eabi/lib/armv7e-m/softfp/libc.a(lib_a-reent.o)
                              Src/syscalls.o (errno)
/usr/local/gcc-arm-none-eabi-5_4-2016q2/bin/../lib/gcc/arm-none-eabi/5.4.1/../../../../arm-none-eabi/lib/armv7e-m/softfp/libc.a(lib_a-sprintf.o)
                              Src/stm32f4xx_it.o (sprintf)
/usr/local/gcc-arm-none-eabi-5_4-2016q2/bin/../lib/gcc/arm-none-eabi/5.4.1/../../../../arm-none-eabi/lib/armv7e-m/softfp/libc.a(lib_a-strcat.o)
                              Src/stm32f4xx_it.o (strcat)
/usr/local/gcc-arm-none-eabi-5_4-2016q2/bin/../lib/gcc/arm-none-eabi/5.4.1/../../../../arm-none-eabi/lib/armv7e-m/softfp/libc.a(lib_a-strcpy.o)
                              /usr/local/gcc-arm-none-eabi-5_4-2016q2/bin/../lib/gcc/arm-none-eabi/5.4.1/../../../../arm-none-eabi/lib/armv7e-m/softfp/libc.a(lib_a-strcat.o) (strcpy)
/usr/local/gcc-arm-none-eabi-5_4-2016q2/bin/../lib/gcc/arm-none-eabi/5.4.1/../../../../arm-none-eabi/lib/armv7e-m/softfp/libc.a(lib_a-svfprintf.o)
                              /usr/local/gcc-arm-none-eabi-5_4-2016q2/bin/../lib/gcc/arm-none-eabi/5.4.1/../../../../arm-none-eabi/lib/armv7e-m/softfp/libc.a(lib_a-sprintf.o) (_svfprintf_r)
/usr/local/gcc-arm-none-eabi-5_4-2016q2/bin/../lib/gcc/arm-none-eabi/5.4.1/../../../../arm-none-eabi/lib/armv7e-m/softfp/libc.a(lib_a-__call_atexit.o)
                              /usr/local/gcc-arm-none-eabi-5_4-2016q2/bin/../lib/gcc/arm-none-eabi/5.4.1/../../../../arm-none-eabi/lib/armv7e-m/softfp/libc.a(lib_a-exit.o) (__call_exitprocs)
/usr/local/gcc-arm-none-eabi-5_4-2016q2/bin/../lib/gcc/arm-none-eabi/5.4.1/../../../../arm-none-eabi/lib/armv7e-m/softfp/libc.a(lib_a-atexit.o)
[...]
Memory Configuration

Name             Origin             Length             Attributes
FLASH            0x08000000         0x00200000         xr
RAM              0x20000000         0x00030000         xrw
CCMRAM           0x10000000         0x00010000         rw
*default*        0x00000000         0xffffffff

Linker script and memory map

LOAD /usr/local/gcc-arm-none-eabi-5_4-2016q2/bin/../lib/gcc/arm-none-eabi/5.4.1/armv7e-m/softfp/crti.o
LOAD /usr/local/gcc-arm-none-eabi-5_4-2016q2/bin/../lib/gcc/arm-none-eabi/5.4.1/armv7e-m/softfp/crtbegin.o
LOAD /usr/local/gcc-arm-none-eabi-5_4-2016q2/bin/../lib/gcc/arm-none-eabi/5.4.1/../../../../arm-none-eabi/lib/armv7e-m/softfp/crt0.o
LOAD Drivers/CMSIS/Device/ST/STM32F4xx//Source/Templates/gcc/startup_stm32f429xx.o
LOAD Drivers/CMSIS/Device/ST/STM32F4xx//Source/Templates/system_stm32f4xx.o
LOAD Src/font12.o
LOAD Src/font16.o
LOAD Src/font20.o
LOAD Src/font24.o
LOAD Src/font8.o
LOAD Src/ili9341.o
LOAD Src/main.o
LOAD Src/stm32f429i_discovery.o
LOAD Src/stm32f429i_discovery_lcd.o
LOAD Src/stm32f429i_discovery_sdram.o
LOAD Src/stm32f4xx_hal_msp.o
LOAD Src/stm32f4xx_it.o
LOAD Src/syscalls.o
LOAD ./Drivers//STM32F4xx_HAL_Driver/libstm32fw.a
LOAD /usr/local/gcc-arm-none-eabi-5_4-2016q2/bin/../lib/gcc/arm-none-eabi/5.4.1/../../../../arm-none-eabi/lib/armv7e-m/softfp/libm.a
START GROUP
LOAD /usr/local/gcc-arm-none-eabi-5_4-2016q2/bin/../lib/gcc/arm-none-eabi/5.4.1/armv7e-m/softfp/libgcc.a
LOAD /usr/local/gcc-arm-none-eabi-5_4-2016q2/bin/../lib/gcc/arm-none-eabi/5.4.1/../../../../arm-none-eabi/lib/armv7e-m/softfp/libc.a
END GROUP
LOAD /usr/local/gcc-arm-none-eabi-5_4-2016q2/bin/../lib/gcc/arm-none-eabi/5.4.1/armv7e-m/softfp/crtend.o
LOAD /usr/local/gcc-arm-none-eabi-5_4-2016q2/bin/../lib/gcc/arm-none-eabi/5.4.1/armv7e-m/softfp/crtn.o
                0x20030000                _estack = 0x20030000
                0x00000200                _Min_Heap_Size = 0x200
                0x00000400                _Min_Stack_Size = 0x400

.isr_vector     0x08000000      0x1ac
                0x08000000                . = ALIGN (0x4)
 *(.isr_vector)
 .isr_vector    0x08000000      0x1ac Drivers/CMSIS/Device/ST/STM32F4xx//Source/Templates/gcc/startup_stm32f429xx.o
                0x08000000                g_pfnVectors
                0x080001ac                . = ALIGN (0x4)

.text           0x080001c0    0x104f0
                0x080001c0                . = ALIGN (0x4)
 *(.text)
 .text          0x080001c0       0x5c /usr/local/gcc-arm-none-eabi-5_4-2016q2/bin/../lib/gcc/arm-none-eabi/5.4.1/armv7e-m/softfp/crtbegin.o
 .text          0x0800021c       0xbc Drivers/CMSIS/Device/ST/STM32F4xx//Source/Templates/system_stm32f4xx.o
                0x0800021c                SystemInit
                0x08000260                SystemCoreClockUpdate
 .text          0x080002d8      0x2d0 Src/ili9341.o
                0x080002d8                ili9341_GetLcdPixelWidth
                0x080002dc                ili9341_GetLcdPixelHeight
                0x080002e4                ili9341_DisplayOn
                0x080002ec                ili9341_DisplayOff
                0x080002f4                ili9341_Init
                0x08000588                ili9341_ReadID
                0x0800059c                ili9341_WriteReg
                0x080005a0                ili9341_WriteData
                0x080005a4                ili9341_ReadData
 .text          0x080005a8      0x190 Src/main.o
                0x080005a8                print_string
                0x080005e8                HAL_UART_RxCpltCallback
                0x08000630                HAL_UART_ErrorCallback
                0x08000664                SystemClock_Config
                0x08000734                Error_Handler
 .text          0x08000738      0x768 Src/stm32f429i_discovery.o
                0x08000930                BSP_GetVersion
                0x08000938                BSP_LED_Init
                0x080009b0                BSP_LED_On
                0x080009cc                BSP_LED_Off
                0x080009e8                BSP_LED_Toggle
                0x08000a04                BSP_PB_Init
                0x08000a80                BSP_PB_GetState
                0x08000a98                LCD_IO_Init
                0x08000b54                LCD_IO_WriteData
                0x08000b8c                LCD_IO_WriteReg
                0x08000bc4                LCD_IO_ReadData
                0x08000c30                LCD_Delay
                0x08000c34                IOE_Init
                0x08000c38                IOE_ITConfig
                0x08000c8c                IOE_Write
                0x08000cc4                IOE_Read
                0x08000d04                IOE_WriteMultiple
                0x08000d3c                IOE_ReadMultiple
                0x08000d70                IOE_Delay
                0x08000d74                GYRO_IO_Init
                0x08000dec                GYRO_IO_Write
                0x08000e44                GYRO_IO_Read
 .text          0x08000ea0     0x1304 Src/stm32f429i_discovery_lcd.o
                0x08000f08                BSP_LCD_Init
                0x08001104                BSP_LCD_GetXSize
                0x08001118                BSP_LCD_GetYSize
                0x0800112c                BSP_LCD_LayerDefaultInit
                0x080011c8                BSP_LCD_SelectLayer
                0x080011d4                BSP_LCD_SetLayerVisible
                0x08001200                BSP_LCD_SetLayerVisible_NoReload
                0x08001220                BSP_LCD_SetTransparency
                0x0800122c                BSP_LCD_SetTransparency_NoReload
                0x08001238                BSP_LCD_SetLayerAddress
                0x08001244                BSP_LCD_SetLayerAddress_NoReload
                0x08001250                BSP_LCD_SetLayerWindow
                0x08001280                BSP_LCD_SetLayerWindow_NoReload
                0x080012b0                BSP_LCD_SetColorKeying
                0x080012d0                BSP_LCD_SetColorKeying_NoReload
                0x080012f0                BSP_LCD_ResetColorKeying
                0x080012fc                BSP_LCD_ResetColorKeying_NoReload
                0x08001308                BSP_LCD_Relaod
                0x08001314                BSP_LCD_GetTextColor
                0x0800132c                BSP_LCD_GetBackColor
                0x08001344                BSP_LCD_SetTextColor
                0x0800135c                BSP_LCD_SetBackColor
                0x08001374                BSP_LCD_SetFont
                0x0800138c                BSP_LCD_GetFont
                0x080013a4                BSP_LCD_ReadPixel
                0x08001438                BSP_LCD_Clear
                0x08001480                BSP_LCD_DisplayChar
                0x08001598                BSP_LCD_DisplayStringAt
                0x08001660                BSP_LCD_DisplayStringAtLine
                0x08001688                BSP_LCD_DrawHLine
                0x080016e0                BSP_LCD_DrawVLine
                0x08001740                BSP_LCD_DrawLine
                0x0800183c                BSP_LCD_DrawRect
                0x08001870                BSP_LCD_DrawCircle
                0x08001a74                BSP_LCD_DrawPolygon
                0x08001ac0                BSP_LCD_DrawEllipse
                0x08001c3c                BSP_LCD_DrawBitmap
                0x08001d38                BSP_LCD_FillRect
                0x08001d9c                BSP_LCD_ClearStringLine
                0x08001e00                BSP_LCD_FillCircle
                0x08001eac                BSP_LCD_FillTriangle
                0x08001f80                BSP_LCD_FillPolygon
                0x08002084                BSP_LCD_FillEllipse
                0x08002148                BSP_LCD_DisplayOn
                0x0800215c                BSP_LCD_DisplayOff
                0x08002170                BSP_LCD_DrawPixel
 .text          0x080021a4      0x2f4 Src/stm32f429i_discovery_sdram.o
                0x080021a4                BSP_SDRAM_Initialization_sequence
                0x08002240                BSP_SDRAM_Init
                0x08002424                BSP_SDRAM_ReadData
                0x08002434                BSP_SDRAM_ReadData_DMA
                0x08002444                BSP_SDRAM_WriteData
                0x0800246c                BSP_SDRAM_WriteData_DMA
                0x0800247c                BSP_SDRAM_Sendcmd
                0x0800248c                BSP_SDRAM_DMA_IRQHandler
 .text          0x08002498      0x538 Src/stm32f4xx_hal_msp.o
                0x08002498                HAL_MspInit
                0x080024f8                HAL_DMA2D_MspInit
                0x08002528                HAL_DMA2D_MspDeInit
                0x08002548                HAL_I2C_MspInit
                0x080025b8                HAL_I2C_MspDeInit
                0x080025f8                HAL_LTDC_MspInit
                0x080026f4                HAL_LTDC_MspDeInit
                0x08002768                HAL_SPI_MspInit
                0x080027b8                HAL_SPI_MspDeInit
                0x080027e4                HAL_UART_MspInit
                0x08002848                HAL_UART_MspDeInit
                0x08002880                HAL_SDRAM_MspInit
                0x0800295c                HAL_SDRAM_MspDeInit
 .text          0x080029d0      0x134 Src/stm32f4xx_it.o
                0x080029d0                NMI_Handler
                0x080029d4                HardFault_Handler
                0x080029d8                MemManage_Handler
                0x080029dc                BusFault_Handler
                0x080029e0                UsageFault_Handler
                0x080029e4                SVC_Handler
                0x080029e8                DebugMon_Handler
                0x080029ec                PendSV_Handler
                0x080029f0                USART1_IRQHandler
                0x080029fc                print_speed
                0x08002a50                choose_speed
                0x08002a98                SysTick_Handler
 .text          0x08002b04      0x134 Src/syscalls.o
                0x08002b04                _sbrk
                0x08002b44                _gettimeofday
                0x08002b50                initialise_monitor_handles
                0x08002b54                _getpid
                0x08002b58                _kill
                0x08002b68                _exit
                0x08002b74                _write
                0x08002b90                _close
                0x08002b98                _fstat
                0x08002ba4                _isatty
                0x08002ba8                _lseek
                0x08002bac                _read
                0x08002bc8                _open
                0x08002bd4                _wait
                0x08002be4                _unlink
                0x08002bf4                _times
                0x08002bfc                _stat
                0x08002c08                _link
                0x08002c18                _fork
                0x08002c28                _execve
 .text          0x08002c38      0x1dc ./Drivers//STM32F4xx_HAL_Driver/libstm32fw.a(stm32f4xx_hal.o)
                0x08002c3c                HAL_MspDeInit
                0x08002c40                HAL_DeInit
                0x08002c6c                HAL_InitTick
                0x08002c98                HAL_Init
                0x08002ccc                HAL_IncTick
                0x08002cdc                HAL_GetTick
                0x08002ce8                HAL_Delay
                0x08002d04                HAL_SuspendTick
                0x08002d14                HAL_ResumeTick
                0x08002d24                HAL_GetHalVersion
                0x08002d2c                HAL_GetREVID
                0x08002d38                HAL_GetDEVID
                0x08002d48                HAL_DBGMCU_EnableDBGSleepMode
                0x08002d58                HAL_DBGMCU_DisableDBGSleepMode
                0x08002d68                HAL_DBGMCU_EnableDBGStopMode
                0x08002d78                HAL_DBGMCU_DisableDBGStopMode
                0x08002d88                HAL_DBGMCU_EnableDBGStandbyMode
                0x08002d98                HAL_DBGMCU_DisableDBGStandbyMode
                0x08002da8                HAL_EnableCompensationCell
                0x08002dc0                HAL_DisableCompensationCell
                0x08002ddc                HAL_EnableMemorySwappingBank
                0x08002df8                HAL_DisableMemorySwappingBank
 .text          0x08002e14      0x274 ./Drivers//STM32F4xx_HAL_Driver/libstm32fw.a(stm32f4xx_hal_cortex.o)
                0x08002e14                HAL_NVIC_SetPriorityGrouping
                0x08002e38                HAL_NVIC_SetPriority
                0x08002ea8                HAL_NVIC_EnableIRQ
                0x08002ec0                HAL_NVIC_DisableIRQ
                0x08002edc                HAL_NVIC_SystemReset
                0x08002f00                HAL_SYSTICK_Config
                0x08002f30                HAL_MPU_ConfigRegion
                0x08002f84                HAL_NVIC_GetPriorityGrouping
                0x08002f94                HAL_NVIC_GetPriority
                0x08002ff4                HAL_NVIC_SetPendingIRQ
                0x08003010                HAL_NVIC_GetPendingIRQ
                0x0800302c                HAL_NVIC_ClearPendingIRQ
                0x08003048                HAL_NVIC_GetActive
                0x08003064                HAL_SYSTICK_CLKSourceConfig
                0x0800307c                HAL_SYSTICK_Callback
                0x08003080                HAL_SYSTICK_IRQHandler
 .text          0x08003088      0x720 ./Drivers//STM32F4xx_HAL_Driver/libstm32fw.a(stm32f4xx_hal_dma.o)
                0x08003088                HAL_DMA_Init
                0x080031c0                HAL_DMA_DeInit
                0x08003244                HAL_DMA_Start
                0x080032ac                HAL_DMA_Start_IT
                0x08003340                HAL_DMA_Abort
                0x080033d4                HAL_DMA_Abort_IT
                0x080033f8                HAL_DMA_PollForTransfer
                0x08003510                HAL_DMA_IRQHandler
                0x080036cc                HAL_DMA_RegisterCallback
                0x0800372c                HAL_DMA_UnRegisterCallback
                0x0800379c                HAL_DMA_GetState
                0x080037a4                HAL_DMA_GetError
 .text          0x080037a8      0xb00 ./Drivers//STM32F4xx_HAL_Driver/libstm32fw.a(stm32f4xx_hal_dma2d.o)
                0x08003850                HAL_DMA2D_Init
                0x080038b4                HAL_DMA2D_Start
                0x080038e8                HAL_DMA2D_Start_IT
                0x08003928                HAL_DMA2D_BlendingStart
                0x0800396c                HAL_DMA2D_BlendingStart_IT
                0x080039b8                HAL_DMA2D_Abort
                0x08003a18                HAL_DMA2D_Suspend
                0x08003a7c                HAL_DMA2D_Resume
                0x08003a9c                HAL_DMA2D_EnableCLUT
                0x08003ad0                HAL_DMA2D_CLUTLoad
                0x08003b8c                HAL_DMA2D_CLUTLoad_IT
                0x08003c5c                HAL_DMA2D_CLUTLoading_Abort
                0x08003cc4                HAL_DMA2D_DeInit
                0x08003d38                HAL_DMA2D_CLUTLoading_Suspend
                0x08003da4                HAL_DMA2D_CLUTLoading_Resume
                0x08003dd8                HAL_DMA2D_PollForTransfer
                0x08003ee4                HAL_DMA2D_LineEventCallback
                0x08003ee8                HAL_DMA2D_CLUTLoadingCpltCallback
                0x08003eec                HAL_DMA2D_IRQHandler
                0x08004020                HAL_DMA2D_ConfigLayer
                0x080040f8                HAL_DMA2D_ConfigCLUT
                0x080041a4                HAL_DMA2D_ProgramLineEvent
                0x080041e8                HAL_DMA2D_EnableDeadTime
                0x0800421c                HAL_DMA2D_DisableDeadTime
                0x08004254                HAL_DMA2D_ConfigDeadTime
                0x0800429c                HAL_DMA2D_GetState
                0x080042a4                HAL_DMA2D_GetError
 .text          0x080042a8      0x3ec ./Drivers//STM32F4xx_HAL_Driver/libstm32fw.a(stm32f4xx_hal_gpio.o)
                0x080042a8                HAL_GPIO_Init
                0x080044b8                HAL_GPIO_DeInit
                0x08004630                HAL_GPIO_ReadPin
                0x0800463c                HAL_GPIO_WritePin
                0x08004644                HAL_GPIO_TogglePin
                0x0800464c                HAL_GPIO_LockPin
                0x08004678                HAL_GPIO_EXTI_Callback
                0x0800467c                HAL_GPIO_EXTI_IRQHandler
 .text          0x08004694     0x2be8 ./Drivers//STM32F4xx_HAL_Driver/libstm32fw.a(stm32f4xx_hal_i2c.o)
                0x08004be4                HAL_I2C_Init
                0x08004ce4                HAL_I2C_DeInit
                0x08004d18                HAL_I2C_Master_Transmit
                0x08004e44                HAL_I2C_Master_Receive
                0x08005038                HAL_I2C_Slave_Transmit
                0x08005194                HAL_I2C_Slave_Receive
                0x08005320                HAL_I2C_Master_Transmit_IT
                0x080053d0                HAL_I2C_Master_Receive_IT
                0x08005488                HAL_I2C_Master_Sequential_Transmit_IT
                0x08005558                HAL_I2C_Master_Sequential_Receive_IT
                0x08005638                HAL_I2C_Slave_Transmit_IT
                0x080056ec                HAL_I2C_Slave_Receive_IT
                0x080057a0                HAL_I2C_Slave_Sequential_Transmit_IT
                0x0800580c                HAL_I2C_Slave_Sequential_Receive_IT
                0x08005878                HAL_I2C_EnableListen_IT
                0x080058a4                HAL_I2C_DisableListen_IT
                0x080058e8                HAL_I2C_Master_Transmit_DMA
                0x08005a34                HAL_I2C_Master_Receive_DMA
                0x08005ba0                HAL_I2C_Slave_Transmit_DMA
                0x08005d2c                HAL_I2C_Slave_Receive_DMA
                0x08005e68                HAL_I2C_Mem_Write
                0x08005f84                HAL_I2C_Mem_Read
                0x0800619c                HAL_I2C_Mem_Write_IT
                0x0800625c                HAL_I2C_Mem_Read_IT
                0x0800632c                HAL_I2C_Mem_Write_DMA
                0x08006478                HAL_I2C_Mem_Read_DMA
                0x080065fc                HAL_I2C_IsDeviceReady
                0x08006748                HAL_I2C_MasterTxCpltCallback
                0x0800674c                HAL_I2C_MasterRxCpltCallback
                0x08006750                HAL_I2C_SlaveTxCpltCallback
                0x08006754                HAL_I2C_SlaveRxCpltCallback
                0x08006758                HAL_I2C_AddrCallback
                0x0800675c                HAL_I2C_ListenCpltCallback
                0x08006760                HAL_I2C_MemTxCpltCallback
                0x08006764                HAL_I2C_MemRxCpltCallback
                0x08006768                HAL_I2C_EV_IRQHandler
                0x08006ed0                HAL_I2C_ErrorCallback
                0x08006f8c                HAL_I2C_AbortCpltCallback
                0x08006f90                HAL_I2C_Master_Abort_IT
                0x08006ff8                HAL_I2C_ER_IRQHandler
                0x08007268                HAL_I2C_GetState
                0x08007270                HAL_I2C_GetMode
                0x08007278                HAL_I2C_GetError
 .text          0x0800727c      0xc68 ./Drivers//STM32F4xx_HAL_Driver/libstm32fw.a(stm32f4xx_hal_ltdc.o)
                0x080073f8                HAL_LTDC_Init
                0x0800750c                HAL_LTDC_DeInit
                0x08007524                HAL_LTDC_ErrorCallback
                0x08007528                HAL_LTDC_LineEventCallback
                0x0800752c                HAL_LTDC_ReloadEventCallback
                0x08007530                HAL_LTDC_IRQHandler
                0x08007608                HAL_LTDC_ConfigLayer
                0x08007668                HAL_LTDC_ConfigColorKeying
                0x080076b0                HAL_LTDC_ConfigCLUT
                0x08007728                HAL_LTDC_EnableColorKeying
                0x08007768                HAL_LTDC_DisableColorKeying
                0x080077a8                HAL_LTDC_EnableCLUT
                0x080077e8                HAL_LTDC_DisableCLUT
                0x08007828                HAL_LTDC_EnableDither
                0x08007864                HAL_LTDC_DisableDither
                0x080078a0                HAL_LTDC_SetWindowSize
                0x08007908                HAL_LTDC_SetWindowPosition
                0x0800796c                HAL_LTDC_SetPixelFormat
                0x080079b4                HAL_LTDC_SetAlpha
                0x080079fc                HAL_LTDC_SetAddress
                0x08007a44                HAL_LTDC_SetPitch
                0x08007ad0                HAL_LTDC_ProgramLineEvent
                0x08007b0c                HAL_LTDC_Relaod
                0x08007b48                HAL_LTDC_ConfigLayer_NoReload
                0x08007ba0                HAL_LTDC_SetWindowSize_NoReload
                0x08007c00                HAL_LTDC_SetWindowPosition_NoReload
                0x08007c5c                HAL_LTDC_SetPixelFormat_NoReload
                0x08007ca0                HAL_LTDC_SetAlpha_NoReload
                0x08007ce4                HAL_LTDC_SetAddress_NoReload
                0x08007d28                HAL_LTDC_SetPitch_NoReload
                0x08007da0                HAL_LTDC_ConfigColorKeying_NoReload
                0x08007de4                HAL_LTDC_EnableColorKeying_NoReload
                0x08007e20                HAL_LTDC_DisableColorKeying_NoReload
                0x08007e5c                HAL_LTDC_EnableCLUT_NoReload
                0x08007e98                HAL_LTDC_DisableCLUT_NoReload
                0x08007ed4                HAL_LTDC_GetState
                0x08007edc                HAL_LTDC_GetError
 .text          0x08007ee4      0x358 ./Drivers//STM32F4xx_HAL_Driver/libstm32fw.a(stm32f4xx_hal_pwr_ex.o)
                0x08007ee4                HAL_PWREx_EnableBkUpReg
                0x08007f28                HAL_PWREx_DisableBkUpReg
                0x08007f6c                HAL_PWREx_EnableFlashPowerDown
                0x08007f88                HAL_PWREx_DisableFlashPowerDown
                0x08007fa4                HAL_PWREx_GetVoltageRange
                0x08007fb4                HAL_PWREx_ControlVoltageScaling
                0x0800806c                HAL_PWREx_EnableOverDrive
                0x08008108                HAL_PWREx_DisableOverDrive
                0x080081a4                HAL_PWREx_EnterUnderDriveSTOPMode
 .text          0x0800823c      0x778 ./Drivers//STM32F4xx_HAL_Driver/libstm32fw.a(stm32f4xx_hal_rcc.o)
                0x08008240                HAL_RCC_OscConfig
                0x0800855c                HAL_RCC_MCOConfig
                0x08008600                HAL_RCC_EnableCSS
                0x0800860c                HAL_RCC_DisableCSS
                0x08008618                HAL_RCC_GetSysClockFreq
                0x08008694                HAL_RCC_ClockConfig
                0x08008804                HAL_RCC_GetHCLKFreq
                0x08008810                HAL_RCC_GetPCLK1Freq
                0x08008840                HAL_RCC_GetPCLK2Freq
                0x08008870                HAL_RCC_GetOscConfig
                0x08008950                HAL_RCC_GetClockConfig
                0x08008990                HAL_RCC_CSSCallback
                0x08008994                HAL_RCC_NMI_IRQHandler
 .text          0x080089b4      0x424 ./Drivers//STM32F4xx_HAL_Driver/libstm32fw.a(stm32f4xx_hal_rcc_ex.o)
                0x080089b4                HAL_RCC_DeInit
                0x08008a14                HAL_RCCEx_PeriphCLKConfig
                0x08008ce8                HAL_RCCEx_GetPeriphCLKConfig
 .text          0x08008dd8      0x3b8 ./Drivers//STM32F4xx_HAL_Driver/libstm32fw.a(stm32f4xx_hal_sdram.o)
                0x08008dd8                HAL_SDRAM_DMA_XferErrorCallback
                0x08008ddc                HAL_SDRAM_DMA_XferCpltCallback
                0x08008de4                HAL_SDRAM_Init
                0x08008e2c                HAL_SDRAM_DeInit
                0x08008e48                HAL_SDRAM_RefreshErrorCallback
                0x08008e4c                HAL_SDRAM_IRQHandler
                0x08008e6c                HAL_SDRAM_Read_8b
                0x08008eb4                HAL_SDRAM_Write_8b
                0x08008efc                HAL_SDRAM_Read_16b
                0x08008f40                HAL_SDRAM_Write_16b
                0x08008f84                HAL_SDRAM_Read_32b
                0x08008fc8                HAL_SDRAM_Write_32b
                0x0800900c                HAL_SDRAM_Read_DMA
                0x08009058                HAL_SDRAM_Write_DMA
                0x080090ac                HAL_SDRAM_WriteProtection_Enable
                0x080090d4                HAL_SDRAM_WriteProtection_Disable
                0x080090fc                HAL_SDRAM_SendCommand
                0x08009130                HAL_SDRAM_ProgramRefreshRate
                0x08009158                HAL_SDRAM_SetAutoRefreshNumber
                0x08009180                HAL_SDRAM_GetModeStatus
                0x08009188                HAL_SDRAM_GetState
 .text          0x08009190     0x1110 ./Drivers//STM32F4xx_HAL_Driver/libstm32fw.a(stm32f4xx_hal_spi.o)
                0x08009608                HAL_SPI_Init
                0x08009694                HAL_SPI_DeInit
                0x080096c0                HAL_SPI_Transmit
                0x08009848                HAL_SPI_Receive
                0x080099a4                HAL_SPI_TransmitReceive
                0x080099b8                HAL_SPI_Transmit_IT
                0x08009a5c                HAL_SPI_Receive_IT
                0x08009b18                HAL_SPI_TransmitReceive_IT
                0x08009b2c                HAL_SPI_Transmit_DMA
                0x08009be8                HAL_SPI_Receive_DMA
                0x08009cc8                HAL_SPI_TransmitReceive_DMA
                0x08009cdc                HAL_SPI_DMAStop
                0x08009d04                HAL_SPI_TxCpltCallback
                0x08009d08                HAL_SPI_RxCpltCallback
                0x08009d0c                HAL_SPI_TxRxCpltCallback
                0x08009d10                HAL_SPI_TxHalfCpltCallback
                0x08009d20                HAL_SPI_RxHalfCpltCallback
                0x08009d30                HAL_SPI_TxRxHalfCpltCallback
                0x08009d40                HAL_SPI_ErrorCallback
                0x0800a190                HAL_SPI_IRQHandler
                0x0800a294                HAL_SPI_GetState
                0x0800a29c                HAL_SPI_GetError
 .text          0x0800a2a0      0xe2c ./Drivers//STM32F4xx_HAL_Driver/libstm32fw.a(stm32f4xx_hal_uart.o)
                0x0800a5e8                HAL_UART_Init
                0x0800a64c                HAL_HalfDuplex_Init
                0x0800a6bc                HAL_LIN_Init
                0x0800a744                HAL_MultiProcessor_Init
                0x0800a7d8                HAL_UART_DeInit
                0x0800a800                HAL_UART_Transmit
                0x0800a8b4                HAL_UART_Receive
                0x0800a978                HAL_UART_Transmit_IT
                0x0800a9bc                HAL_UART_Receive_IT
                0x0800aa14                HAL_UART_Transmit_DMA
                0x0800aa98                HAL_UART_Receive_DMA
                0x0800ab24                HAL_UART_DMAPause
                0x0800ab88                HAL_UART_DMAResume
                0x0800ac04                HAL_UART_DMAStop
                0x0800ac7c                HAL_UART_TxCpltCallback
                0x0800acac                HAL_UART_TxHalfCpltCallback
                0x0800ad80                HAL_UART_RxHalfCpltCallback
                0x0800adf8                HAL_UART_IRQHandler
                0x0800af9c                HAL_LIN_SendBreak
                0x0800afd4                HAL_MultiProcessor_EnterMuteMode
                0x0800b00c                HAL_MultiProcessor_ExitMuteMode
                0x0800b044                HAL_HalfDuplex_EnableTransmitter
                0x0800b080                HAL_HalfDuplex_EnableReceiver
                0x0800b0bc                HAL_UART_GetState
                0x0800b0c8                HAL_UART_GetError
 .text          0x0800b0cc      0x584 ./Drivers//STM32F4xx_HAL_Driver/libstm32fw.a(stm32f4xx_ll_fmc.o)
                0x0800b0cc                FMC_NORSRAM_Init
                0x0800b140                FMC_NORSRAM_DeInit
                0x0800b174                FMC_NORSRAM_Timing_Init
                0x0800b1c8                FMC_NORSRAM_Extended_Timing_Init
                0x0800b210                FMC_NORSRAM_WriteOperation_Enable
                0x0800b224                FMC_NORSRAM_WriteOperation_Disable
                0x0800b238                FMC_NAND_Init
                0x0800b280                FMC_NAND_CommonSpace_Timing_Init
                0x0800b2bc                FMC_NAND_AttributeSpace_Timing_Init
                0x0800b2f8                FMC_NAND_DeInit
                0x0800b33c                FMC_NAND_ECC_Enable
                0x0800b358                FMC_NAND_ECC_Disable
                0x0800b374                FMC_NAND_GetECC
                0x0800b3c4                FMC_PCCARD_Init
                0x0800b3ec                FMC_PCCARD_CommonSpace_Timing_Init
                0x0800b408                FMC_PCCARD_AttributeSpace_Timing_Init
                0x0800b424                FMC_PCCARD_IOSpace_Timing_Init
                0x0800b440                FMC_PCCARD_DeInit
                0x0800b464                FMC_SDRAM_Init
                0x0800b4e8                FMC_SDRAM_Timing_Init
                0x0800b588                FMC_SDRAM_DeInit
                0x0800b5ac                FMC_SDRAM_WriteProtection_Enable
                0x0800b5c0                FMC_SDRAM_WriteProtection_Disable
                0x0800b5d4                FMC_SDRAM_SendCommand
                0x0800b624                FMC_SDRAM_ProgramRefreshRate
                0x0800b634                FMC_SDRAM_SetAutoRefreshNumber
                0x0800b644                FMC_SDRAM_GetModeStatus
 .text          0x0800b650       0xa0 /usr/local/gcc-arm-none-eabi-5_4-2016q2/bin/../lib/gcc/arm-none-eabi/5.4.1/../../../../arm-none-eabi/lib/armv7e-m/softfp/libc.a(lib_a-memchr.o)
                0x0800b650                memchr
 .text          0x0800b6f0      0x134 /usr/local/gcc-arm-none-eabi-5_4-2016q2/bin/../lib/gcc/arm-none-eabi/5.4.1/../../../../arm-none-eabi/lib/armv7e-m/softfp/libc.a(lib_a-memcpy.o)
                0x0800b6f0                memcpy
 *fill*         0x0800b824       0x1c 
 .text          0x0800b840       0xdc /usr/local/gcc-arm-none-eabi-5_4-2016q2/bin/../lib/gcc/arm-none-eabi/5.4.1/../../../../arm-none-eabi/lib/armv7e-m/softfp/libc.a(lib_a-strlen.o)
                0x0800b840                strlen
 .text          0x0800b91c      0x370 /usr/local/gcc-arm-none-eabi-5_4-2016q2/bin/../lib/gcc/arm-none-eabi/5.4.1/armv7e-m/softfp/libgcc.a(_arm_addsubdf3.o)
                0x0800b91c                __aeabi_drsub
                0x0800b924                __aeabi_dsub
                0x0800b924                __subdf3
                0x0800b928                __adddf3
                0x0800b928                __aeabi_dadd
                0x0800bba0                __aeabi_ui2d
                0x0800bba0                __floatunsidf
                0x0800bbc0                __floatsidf
                0x0800bbc0                __aeabi_i2d
                0x0800bbe4                __extendsfdf2
                0x0800bbe4                __aeabi_f2d
                0x0800bc20                __aeabi_ul2d
                0x0800bc20                __floatundidf
                0x0800bc30                __floatdidf
                0x0800bc30                __aeabi_l2d
 .text          0x0800bc8c      0x424 /usr/local/gcc-arm-none-eabi-5_4-2016q2/bin/../lib/gcc/arm-none-eabi/5.4.1/armv7e-m/softfp/libgcc.a(_arm_muldivdf3.o)
                0x0800bc8c                __aeabi_dmul
                0x0800bc8c                __muldf3
                0x0800bee0                __aeabi_ddiv
                0x0800bee0                __divdf3
 .text          0x0800c0b0      0x110 /usr/local/gcc-arm-none-eabi-5_4-2016q2/bin/../lib/gcc/arm-none-eabi/5.4.1/armv7e-m/softfp/libgcc.a(_arm_cmpdf2.o)
                0x0800c0b0                __gtdf2
                0x0800c0b0                __gedf2
                0x0800c0b8                __ltdf2
                0x0800c0b8                __ledf2
                0x0800c0c0                __cmpdf2
                0x0800c0c0                __eqdf2
                0x0800c0c0                __nedf2
                0x0800c13c                __aeabi_cdrcmple
                0x0800c14c                __aeabi_cdcmple
                0x0800c14c                __aeabi_cdcmpeq
                0x0800c15c                __aeabi_dcmpeq
                0x0800c170                __aeabi_dcmplt
                0x0800c184                __aeabi_dcmple
                0x0800c198                __aeabi_dcmpge
                0x0800c1ac                __aeabi_dcmpgt
 .text          0x0800c1c0       0x2c /usr/local/gcc-arm-none-eabi-5_4-2016q2/bin/../lib/gcc/arm-none-eabi/5.4.1/armv7e-m/softfp/libgcc.a(_arm_unorddf2.o)
                0x0800c1c0                __aeabi_dcmpun
                0x0800c1c0                __unorddf2
 .text          0x0800c1ec       0x50 /usr/local/gcc-arm-none-eabi-5_4-2016q2/bin/../lib/gcc/arm-none-eabi/5.4.1/armv7e-m/softfp/libgcc.a(_arm_fixdfsi.o)
                0x0800c1ec                __fixdfsi
                0x0800c1ec                __aeabi_d2iz
 .text          0x0800c23c       0x30 /usr/local/gcc-arm-none-eabi-5_4-2016q2/bin/../lib/gcc/arm-none-eabi/5.4.1/armv7e-m/softfp/libgcc.a(_aeabi_uldivmod.o)
                0x0800c23c                __aeabi_uldivmod
 .text          0x0800c26c      0x2e4 /usr/local/gcc-arm-none-eabi-5_4-2016q2/bin/../lib/gcc/arm-none-eabi/5.4.1/armv7e-m/softfp/libgcc.a(_udivmoddi4.o)
                0x0800c26c                __udivmoddi4
 .text          0x0800c550        0x4 /usr/local/gcc-arm-none-eabi-5_4-2016q2/bin/../lib/gcc/arm-none-eabi/5.4.1/armv7e-m/softfp/libgcc.a(_dvmd_tls.o)
                0x0800c550                __aeabi_ldiv0
                0x0800c550                __aeabi_idiv0
 *(.text*)
 .text.Reset_Handler
                0x0800c554       0x50 Drivers/CMSIS/Device/ST/STM32F4xx//Source/Templates/gcc/startup_stm32f429xx.o
                0x0800c554                Reset_Handler
 .text.Default_Handler
                0x0800c5a4        0x2 Drivers/CMSIS/Device/ST/STM32F4xx//Source/Templates/gcc/startup_stm32f429xx.o
                0x0800c5a4                RTC_Alarm_IRQHandler
                0x0800c5a4                HASH_RNG_IRQHandler
                0x0800c5a4                EXTI2_IRQHandler
                0x0800c5a4                TIM8_CC_IRQHandler
                0x0800c5a4                UART8_IRQHandler
                0x0800c5a4                SPI4_IRQHandler
                0x0800c5a4                TIM1_CC_IRQHandler
                0x0800c5a4                DMA2_Stream5_IRQHandler
                0x0800c5a4                DMA1_Stream5_IRQHandler
                0x0800c5a4                PVD_IRQHandler
                0x0800c5a4                SDIO_IRQHandler
                0x0800c5a4                TAMP_STAMP_IRQHandler
                0x0800c5a4                CAN2_RX1_IRQHandler
                0x0800c5a4                EXTI3_IRQHandler
                0x0800c5a4                TIM8_TRG_COM_TIM14_IRQHandler
                0x0800c5a4                TIM1_UP_TIM10_IRQHandler
                0x0800c5a4                TIM8_UP_TIM13_IRQHandler
                0x0800c5a4                I2C3_ER_IRQHandler
                0x0800c5a4                EXTI0_IRQHandler
                0x0800c5a4                I2C2_EV_IRQHandler
                0x0800c5a4                DMA1_Stream2_IRQHandler
                0x0800c5a4                CAN1_RX0_IRQHandler
                0x0800c5a4                FPU_IRQHandler
                0x0800c5a4                OTG_HS_WKUP_IRQHandler
                0x0800c5a4                LTDC_ER_IRQHandler
                0x0800c5a4                CAN2_SCE_IRQHandler
                0x0800c5a4                DMA2_Stream2_IRQHandler
                0x0800c5a4                SPI1_IRQHandler
                0x0800c5a4                TIM6_DAC_IRQHandler
                0x0800c5a4                TIM1_BRK_TIM9_IRQHandler
                0x0800c5a4                DCMI_IRQHandler
                0x0800c5a4                CAN2_RX0_IRQHandler
                0x0800c5a4                DMA2_Stream3_IRQHandler
                0x0800c5a4                USART6_IRQHandler
                0x0800c5a4                USART3_IRQHandler
                0x0800c5a4                CAN1_RX1_IRQHandler
                0x0800c5a4                UART5_IRQHandler
                0x0800c5a4                DMA2_Stream0_IRQHandler
                0x0800c5a4                TIM4_IRQHandler
                0x0800c5a4                I2C1_EV_IRQHandler
                0x0800c5a4                DMA1_Stream6_IRQHandler
                0x0800c5a4                DMA1_Stream1_IRQHandler
                0x0800c5a4                UART4_IRQHandler
                0x0800c5a4                TIM3_IRQHandler
                0x0800c5a4                RCC_IRQHandler
                0x0800c5a4                TIM8_BRK_TIM12_IRQHandler
                0x0800c5a4                Default_Handler
                0x0800c5a4                EXTI15_10_IRQHandler
                0x0800c5a4                ADC_IRQHandler
                0x0800c5a4                DMA1_Stream7_IRQHandler
                0x0800c5a4                SPI5_IRQHandler
                0x0800c5a4                TIM7_IRQHandler
                0x0800c5a4                CAN2_TX_IRQHandler
                0x0800c5a4                TIM5_IRQHandler
                0x0800c5a4                DMA2_Stream7_IRQHandler
                0x0800c5a4                I2C3_EV_IRQHandler
                0x0800c5a4                EXTI9_5_IRQHandler
                0x0800c5a4                RTC_WKUP_IRQHandler
                0x0800c5a4                LTDC_IRQHandler
                0x0800c5a4                ETH_WKUP_IRQHandler
                0x0800c5a4                SPI2_IRQHandler
                0x0800c5a4                OTG_HS_EP1_IN_IRQHandler
                0x0800c5a4                DMA1_Stream0_IRQHandler
                0x0800c5a4                CAN1_TX_IRQHandler
                0x0800c5a4                EXTI4_IRQHandler
                0x0800c5a4                ETH_IRQHandler
                0x0800c5a4                OTG_HS_EP1_OUT_IRQHandler
                0x0800c5a4                WWDG_IRQHandler
                0x0800c5a4                SPI6_IRQHandler
                0x0800c5a4                TIM2_IRQHandler
                0x0800c5a4                OTG_FS_WKUP_IRQHandler
                0x0800c5a4                TIM1_TRG_COM_TIM11_IRQHandler
                0x0800c5a4                OTG_HS_IRQHandler
                0x0800c5a4                DMA2D_IRQHandler
                0x0800c5a4                EXTI1_IRQHandler
                0x0800c5a4                UART7_IRQHandler
                0x0800c5a4                USART2_IRQHandler
                0x0800c5a4                I2C2_ER_IRQHandler
                0x0800c5a4                DMA2_Stream1_IRQHandler
                0x0800c5a4                CAN1_SCE_IRQHandler
                0x0800c5a4                FLASH_IRQHandler
                0x0800c5a4                DMA2_Stream4_IRQHandler
                0x0800c5a4                OTG_FS_IRQHandler
                0x0800c5a4                SPI3_IRQHandler
                0x0800c5a4                DMA1_Stream4_IRQHandler
                0x0800c5a4                I2C1_ER_IRQHandler
                0x0800c5a4                FMC_IRQHandler
                0x0800c5a4                DMA2_Stream6_IRQHandler
                0x0800c5a4                SAI1_IRQHandler
                0x0800c5a4                DMA1_Stream3_IRQHandler
 *fill*         0x0800c5a6        0x2 
 .text.startup  0x0800c5a8      0x364 Src/main.o
                0x0800c5a8                main
 .text.__libc_init_array
                0x0800c90c       0x50 /usr/local/gcc-arm-none-eabi-5_4-2016q2/bin/../lib/gcc/arm-none-eabi/5.4.1/../../../../arm-none-eabi/lib/armv7e-m/softfp/libc.a(lib_a-init.o)
                0x0800c90c                __libc_init_array
 .text.memset   0x0800c95c       0x9c /usr/local/gcc-arm-none-eabi-5_4-2016q2/bin/../lib/gcc/arm-none-eabi/5.4.1/../../../../arm-none-eabi/lib/armv7e-m/softfp/libc.a(lib_a-memset.o)
                0x0800c95c                memset
 .text.sprintf  0x0800c9f8       0x4c /usr/local/gcc-arm-none-eabi-5_4-2016q2/bin/../lib/gcc/arm-none-eabi/5.4.1/../../../../arm-none-eabi/lib/armv7e-m/softfp/libc.a(lib_a-sprintf.o)
                0x0800c9f8                sprintf
 .text.strcat   0x0800ca44       0x40 /usr/local/gcc-arm-none-eabi-5_4-2016q2/bin/../lib/gcc/arm-none-eabi/5.4.1/../../../../arm-none-eabi/lib/armv7e-m/softfp/libc.a(lib_a-strcat.o)
                0x0800ca44                strcat
 .text.strcpy   0x0800ca84       0xbc /usr/local/gcc-arm-none-eabi-5_4-2016q2/bin/../lib/gcc/arm-none-eabi/5.4.1/../../../../arm-none-eabi/lib/armv7e-m/softfp/libc.a(lib_a-strcpy.o)
                0x0800ca84                strcpy
 .text._svfprintf_r
                0x0800cb40     0x16e0 /usr/local/gcc-arm-none-eabi-5_4-2016q2/bin/../lib/gcc/arm-none-eabi/5.4.1/../../../../arm-none-eabi/lib/armv7e-m/softfp/libc.a(lib_a-svfprintf.o)
                0x0800cb40                _svfprintf_r
 .text.startup.register_fini
                0x0800e220       0x14 /usr/local/gcc-arm-none-eabi-5_4-2016q2/bin/../lib/gcc/arm-none-eabi/5.4.1/../../../../arm-none-eabi/lib/armv7e-m/softfp/libc.a(lib_a-__call_atexit.o)
 .text.atexit   0x0800e234        0xc /usr/local/gcc-arm-none-eabi-5_4-2016q2/bin/../lib/gcc/arm-none-eabi/5.4.1/../../../../arm-none-eabi/lib/armv7e-m/softfp/libc.a(lib_a-atexit.o)
                0x0800e234                atexit
 .text.quorem   0x0800e240      0x128 /usr/local/gcc-arm-none-eabi-5_4-2016q2/bin/../lib/gcc/arm-none-eabi/5.4.1/../../../../arm-none-eabi/lib/armv7e-m/softfp/libc.a(lib_a-dtoa.o)
 .text._dtoa_r  0x0800e368      0xe2c /usr/local/gcc-arm-none-eabi-5_4-2016q2/bin/../lib/gcc/arm-none-eabi/5.4.1/../../../../arm-none-eabi/lib/armv7e-m/softfp/libc.a(lib_a-dtoa.o)
                0x0800e368                _dtoa_r
 .text.__libc_fini_array
                0x0800f194       0x28 /usr/local/gcc-arm-none-eabi-5_4-2016q2/bin/../lib/gcc/arm-none-eabi/5.4.1/../../../../arm-none-eabi/lib/armv7e-m/softfp/libc.a(lib_a-fini.o)
                0x0800f194                __libc_fini_array
 .text._malloc_trim_r
                0x0800f1bc       0x9c /usr/local/gcc-arm-none-eabi-5_4-2016q2/bin/../lib/gcc/arm-none-eabi/5.4.1/../../../../arm-none-eabi/lib/armv7e-m/softfp/libc.a(lib_a-freer.o)
                0x0800f1bc                _malloc_trim_r
 .text._free_r  0x0800f258      0x1d0 /usr/local/gcc-arm-none-eabi-5_4-2016q2/bin/../lib/gcc/arm-none-eabi/5.4.1/../../../../arm-none-eabi/lib/armv7e-m/softfp/libc.a(lib_a-freer.o)
                0x0800f258                _free_r
 .text._localeconv_r
                0x0800f428        0x8 /usr/local/gcc-arm-none-eabi-5_4-2016q2/bin/../lib/gcc/arm-none-eabi/5.4.1/../../../../arm-none-eabi/lib/armv7e-m/softfp/libc.a(lib_a-locale.o)
                0x0800f428                _localeconv_r
 .text._malloc_r
                0x0800f430      0x570 /usr/local/gcc-arm-none-eabi-5_4-2016q2/bin/../lib/gcc/arm-none-eabi/5.4.1/../../../../arm-none-eabi/lib/armv7e-m/softfp/libc.a(lib_a-mallocr.o)
                0x0800f430                _malloc_r
 .text.__malloc_lock
                0x0800f9a0        0x4 /usr/local/gcc-arm-none-eabi-5_4-2016q2/bin/../lib/gcc/arm-none-eabi/5.4.1/../../../../arm-none-eabi/lib/armv7e-m/softfp/libc.a(lib_a-mlock.o)
                0x0800f9a0                __malloc_lock
 .text.__malloc_unlock
                0x0800f9a4        0x4 /usr/local/gcc-arm-none-eabi-5_4-2016q2/bin/../lib/gcc/arm-none-eabi/5.4.1/../../../../arm-none-eabi/lib/armv7e-m/softfp/libc.a(lib_a-mlock.o)
                0x0800f9a4                __malloc_unlock
 .text._Balloc  0x0800f9a8       0x4c /usr/local/gcc-arm-none-eabi-5_4-2016q2/bin/../lib/gcc/arm-none-eabi/5.4.1/../../../../arm-none-eabi/lib/armv7e-m/softfp/libc.a(lib_a-mprec.o)
                0x0800f9a8                _Balloc
 .text._Bfree   0x0800f9f4       0x14 /usr/local/gcc-arm-none-eabi-5_4-2016q2/bin/../lib/gcc/arm-none-eabi/5.4.1/../../../../arm-none-eabi/lib/armv7e-m/softfp/libc.a(lib_a-mprec.o)
                0x0800f9f4                _Bfree
 .text.__multadd
                0x0800fa08       0x80 /usr/local/gcc-arm-none-eabi-5_4-2016q2/bin/../lib/gcc/arm-none-eabi/5.4.1/../../../../arm-none-eabi/lib/armv7e-m/softfp/libc.a(lib_a-mprec.o)
                0x0800fa08                __multadd
 .text.__hi0bits
                0x0800fa88       0x40 /usr/local/gcc-arm-none-eabi-5_4-2016q2/bin/../lib/gcc/arm-none-eabi/5.4.1/../../../../arm-none-eabi/lib/armv7e-m/softfp/libc.a(lib_a-mprec.o)
                0x0800fa88                __hi0bits
 .text.__lo0bits
                0x0800fac8       0x5c /usr/local/gcc-arm-none-eabi-5_4-2016q2/bin/../lib/gcc/arm-none-eabi/5.4.1/../../../../arm-none-eabi/lib/armv7e-m/softfp/libc.a(lib_a-mprec.o)
                0x0800fac8                __lo0bits
 .text.__i2b    0x0800fb24       0x14 /usr/local/gcc-arm-none-eabi-5_4-2016q2/bin/../lib/gcc/arm-none-eabi/5.4.1/../../../../arm-none-eabi/lib/armv7e-m/softfp/libc.a(lib_a-mprec.o)
                0x0800fb24                __i2b
 .text.__multiply
                0x0800fb38      0x130 /usr/local/gcc-arm-none-eabi-5_4-2016q2/bin/../lib/gcc/arm-none-eabi/5.4.1/../../../../arm-none-eabi/lib/armv7e-m/softfp/libc.a(lib_a-mprec.o)
                0x0800fb38                __multiply
 .text.__pow5mult
                0x0800fc68       0xa0 /usr/local/gcc-arm-none-eabi-5_4-2016q2/bin/../lib/gcc/arm-none-eabi/5.4.1/../../../../arm-none-eabi/lib/armv7e-m/softfp/libc.a(lib_a-mprec.o)
                0x0800fc68                __pow5mult
 .text.__lshift
                0x0800fd08       0xb0 /usr/local/gcc-arm-none-eabi-5_4-2016q2/bin/../lib/gcc/arm-none-eabi/5.4.1/../../../../arm-none-eabi/lib/armv7e-m/softfp/libc.a(lib_a-mprec.o)
                0x0800fd08                __lshift
 .text.__mcmp   0x0800fdb8       0x44 /usr/local/gcc-arm-none-eabi-5_4-2016q2/bin/../lib/gcc/arm-none-eabi/5.4.1/../../../../arm-none-eabi/lib/armv7e-m/softfp/libc.a(lib_a-mprec.o)
                0x0800fdb8                __mcmp
 .text.__mdiff  0x0800fdfc      0x114 /usr/local/gcc-arm-none-eabi-5_4-2016q2/bin/../lib/gcc/arm-none-eabi/5.4.1/../../../../arm-none-eabi/lib/armv7e-m/softfp/libc.a(lib_a-mprec.o)
                0x0800fdfc                __mdiff
 .text.__d2b    0x0800ff10       0xb8 /usr/local/gcc-arm-none-eabi-5_4-2016q2/bin/../lib/gcc/arm-none-eabi/5.4.1/../../../../arm-none-eabi/lib/armv7e-m/softfp/libc.a(lib_a-mprec.o)
                0x0800ff10                __d2b
 .text._sbrk_r  0x0800ffc8       0x24 /usr/local/gcc-arm-none-eabi-5_4-2016q2/bin/../lib/gcc/arm-none-eabi/5.4.1/../../../../arm-none-eabi/lib/armv7e-m/softfp/libc.a(lib_a-sbrkr.o)
                0x0800ffc8                _sbrk_r
 .text.__ssprint_r
                0x0800ffec      0x100 /usr/local/gcc-arm-none-eabi-5_4-2016q2/bin/../lib/gcc/arm-none-eabi/5.4.1/../../../../arm-none-eabi/lib/armv7e-m/softfp/libc.a(lib_a-svfiprintf.o)
                0x0800ffec                __ssprint_r
 .text.__register_exitproc
                0x080100ec       0xa4 /usr/local/gcc-arm-none-eabi-5_4-2016q2/bin/../lib/gcc/arm-none-eabi/5.4.1/../../../../arm-none-eabi/lib/armv7e-m/softfp/libc.a(lib_a-__atexit.o)
                0x080100ec                __register_exitproc
 .text._calloc_r
                0x08010190       0x60 /usr/local/gcc-arm-none-eabi-5_4-2016q2/bin/../lib/gcc/arm-none-eabi/5.4.1/../../../../arm-none-eabi/lib/armv7e-m/softfp/libc.a(lib_a-callocr.o)
                0x08010190                _calloc_r
 .text.memmove  0x080101f0       0xc8 /usr/local/gcc-arm-none-eabi-5_4-2016q2/bin/../lib/gcc/arm-none-eabi/5.4.1/../../../../arm-none-eabi/lib/armv7e-m/softfp/libc.a(lib_a-memmove.o)
                0x080101f0                memmove
 .text._realloc_r
                0x080102b8      0x3e0 /usr/local/gcc-arm-none-eabi-5_4-2016q2/bin/../lib/gcc/arm-none-eabi/5.4.1/../../../../arm-none-eabi/lib/armv7e-m/softfp/libc.a(lib_a-reallocr.o)
                0x080102b8                _realloc_r
 *(.glue_7)
 .glue_7        0x08010698        0x0 linker stubs
 *(.glue_7t)
 .glue_7t       0x08010698        0x0 linker stubs
 *(.eh_frame)
 .eh_frame      0x08010698        0x0 /usr/local/gcc-arm-none-eabi-5_4-2016q2/bin/../lib/gcc/arm-none-eabi/5.4.1/armv7e-m/softfp/crtbegin.o
 *(.init)
 .init          0x08010698        0x4 /usr/local/gcc-arm-none-eabi-5_4-2016q2/bin/../lib/gcc/arm-none-eabi/5.4.1/armv7e-m/softfp/crti.o
                0x08010698                _init
 .init          0x0801069c        0x8 /usr/local/gcc-arm-none-eabi-5_4-2016q2/bin/../lib/gcc/arm-none-eabi/5.4.1/armv7e-m/softfp/crtn.o
 *(.fini)
 .fini          0x080106a4        0x4 /usr/local/gcc-arm-none-eabi-5_4-2016q2/bin/../lib/gcc/arm-none-eabi/5.4.1/armv7e-m/softfp/crti.o
                0x080106a4                _fini
 .fini          0x080106a8        0x8 /usr/local/gcc-arm-none-eabi-5_4-2016q2/bin/../lib/gcc/arm-none-eabi/5.4.1/armv7e-m/softfp/crtn.o
                0x080106b0                . = ALIGN (0x4)
                0x080106b0                _etext = .

.vfp11_veneer   0x080106b0        0x0
 .vfp11_veneer  0x080106b0        0x0 linker stubs

.v4_bx          0x080106b0        0x0
 .v4_bx         0x080106b0        0x0 linker stubs

.iplt           0x080106b0        0x0
 .iplt          0x080106b0        0x0 /usr/local/gcc-arm-none-eabi-5_4-2016q2/bin/../lib/gcc/arm-none-eabi/5.4.1/armv7e-m/softfp/crtbegin.o

.rodata         0x080106b0     0x2100
                0x080106b0                . = ALIGN (0x4)
 *(.rodata)
 .rodata        0x080106b0       0x10 Drivers/CMSIS/Device/ST/STM32F4xx//Source/Templates/system_stm32f4xx.o
                0x080106b0                AHBPrescTable
 .rodata        0x080106c0      0x474 Src/font12.o
                0x080106c0                Font12_Table
 .rodata        0x08010b34     0x1ab8 Src/font24.o
                0x08010b34                Font24_Table
 .rodata        0x080125ec        0xa Src/stm32f429i_discovery.o
                0x080125ec                GPIO_PIN
                0x080125f0                BUTTON_IRQn
                0x080125f4                BUTTON_PIN
 *fill*         0x080125f6        0x2 
 .rodata        0x080125f8       0x14 Src/stm32f4xx_it.o
 .rodata        0x0801260c        0x8 ./Drivers//STM32F4xx_HAL_Driver/libstm32fw.a(stm32f4xx_hal_dma.o)
 .rodata        0x08012614       0x10 ./Drivers//STM32F4xx_HAL_Driver/libstm32fw.a(stm32f4xx_hal_rcc.o)
                0x08012614                APBAHBPrescTable
 *(.rodata*)
 .rodata.str1.4
                0x08012624        0x3 Src/stm32f4xx_it.o
 *fill*         0x08012627        0x1 
 .rodata.str1.4
                0x08012628        0x2 /usr/local/gcc-arm-none-eabi-5_4-2016q2/bin/../lib/gcc/arm-none-eabi/5.4.1/../../../../arm-none-eabi/lib/armv7e-m/softfp/libc.a(lib_a-impure.o)
 *fill*         0x0801262a        0x2 
 .rodata._global_impure_ptr
                0x0801262c        0x4 /usr/local/gcc-arm-none-eabi-5_4-2016q2/bin/../lib/gcc/arm-none-eabi/5.4.1/../../../../arm-none-eabi/lib/armv7e-m/softfp/libc.a(lib_a-impure.o)
                0x0801262c                _global_impure_ptr
 .rodata.blanks.7057
                0x08012630       0x10 /usr/local/gcc-arm-none-eabi-5_4-2016q2/bin/../lib/gcc/arm-none-eabi/5.4.1/../../../../arm-none-eabi/lib/armv7e-m/softfp/libc.a(lib_a-svfprintf.o)
 .rodata.str1.4
                0x08012640       0x42 /usr/local/gcc-arm-none-eabi-5_4-2016q2/bin/../lib/gcc/arm-none-eabi/5.4.1/../../../../arm-none-eabi/lib/armv7e-m/softfp/libc.a(lib_a-svfprintf.o)
 *fill*         0x08012682        0x2 
 .rodata.zeroes.7058
                0x08012684       0x10 /usr/local/gcc-arm-none-eabi-5_4-2016q2/bin/../lib/gcc/arm-none-eabi/5.4.1/../../../../arm-none-eabi/lib/armv7e-m/softfp/libc.a(lib_a-svfprintf.o)
 .rodata.str1.4
                0x08012694       0x10 /usr/local/gcc-arm-none-eabi-5_4-2016q2/bin/../lib/gcc/arm-none-eabi/5.4.1/../../../../arm-none-eabi/lib/armv7e-m/softfp/libc.a(lib_a-dtoa.o)
                                 0x12 (size before relaxing)
 .rodata.str1.4
                0x080126a4        0xc /usr/local/gcc-arm-none-eabi-5_4-2016q2/bin/../lib/gcc/arm-none-eabi/5.4.1/../../../../arm-none-eabi/lib/armv7e-m/softfp/libc.a(lib_a-locale.o)
                                 0x12 (size before relaxing)
 .rodata.p05.5398
                0x080126b0        0xc /usr/local/gcc-arm-none-eabi-5_4-2016q2/bin/../lib/gcc/arm-none-eabi/5.4.1/../../../../arm-none-eabi/lib/armv7e-m/softfp/libc.a(lib_a-mprec.o)
 *fill*         0x080126bc        0x4 
 .rodata.__mprec_tens
                0x080126c0       0xc8 /usr/local/gcc-arm-none-eabi-5_4-2016q2/bin/../lib/gcc/arm-none-eabi/5.4.1/../../../../arm-none-eabi/lib/armv7e-m/softfp/libc.a(lib_a-mprec.o)
                0x080126c0                __mprec_tens
 .rodata.__mprec_bigtens
                0x08012788       0x28 /usr/local/gcc-arm-none-eabi-5_4-2016q2/bin/../lib/gcc/arm-none-eabi/5.4.1/../../../../arm-none-eabi/lib/armv7e-m/softfp/libc.a(lib_a-mprec.o)
                0x08012788                __mprec_bigtens
                0x080127b0                . = ALIGN (0x4)

.ARM.extab
 *(.ARM.extab* .gnu.linkonce.armextab.*)

.ARM            0x080127b0        0x8
                0x080127b0                __exidx_start = .
 *(.ARM.exidx*)
 .ARM.exidx     0x080127b0        0x8 /usr/local/gcc-arm-none-eabi-5_4-2016q2/bin/../lib/gcc/arm-none-eabi/5.4.1/armv7e-m/softfp/libgcc.a(_udivmoddi4.o)
                0x080127b8                __exidx_end = .

.rel.dyn        0x080127b8        0x0
 .rel.iplt      0x080127b8        0x0 /usr/local/gcc-arm-none-eabi-5_4-2016q2/bin/../lib/gcc/arm-none-eabi/5.4.1/armv7e-m/softfp/crtbegin.o

.preinit_array  0x080127b8        0x0
                0x080127b8                PROVIDE (__preinit_array_start, .)
 *(.preinit_array*)
                0x080127b8                PROVIDE (__preinit_array_end, .)

.init_array     0x080127b8        0x8
                0x080127b8                PROVIDE (__init_array_start, .)
 *(SORT(.init_array.*))
 .init_array.00000
                0x080127b8        0x4 /usr/local/gcc-arm-none-eabi-5_4-2016q2/bin/../lib/gcc/arm-none-eabi/5.4.1/../../../../arm-none-eabi/lib/armv7e-m/softfp/libc.a(lib_a-__call_atexit.o)
 *(.init_array*)
 .init_array    0x080127bc        0x4 /usr/local/gcc-arm-none-eabi-5_4-2016q2/bin/../lib/gcc/arm-none-eabi/5.4.1/armv7e-m/softfp/crtbegin.o
                0x080127c0                PROVIDE (__init_array_end, .)

.fini_array     0x080127c0        0x4
                0x080127c0                PROVIDE (__fini_array_start, .)
 *(SORT(.fini_array.*))
 *(.fini_array*)
 .fini_array    0x080127c0        0x4 /usr/local/gcc-arm-none-eabi-5_4-2016q2/bin/../lib/gcc/arm-none-eabi/5.4.1/armv7e-m/softfp/crtbegin.o
                0x080127c4                PROVIDE (__fini_array_end, .)
                0x080127c4                _sidata = LOADADDR (.data)

.data           0x20000000      0x8f4 load address 0x080127c4
                0x20000000                . = ALIGN (0x4)
                0x20000000                _sdata = .
 *(.data)
 .data          0x20000000        0x4 Drivers/CMSIS/Device/ST/STM32F4xx//Source/Templates/system_stm32f4xx.o
                0x20000000                SystemCoreClock
 .data          0x20000004        0x8 Src/font12.o
                0x20000004                Font12
 .data          0x2000000c        0x8 Src/font24.o
                0x2000000c                Font24
 .data          0x20000014       0x38 Src/ili9341.o
                0x20000014                ili9341_drv
 .data          0x2000004c        0x4 Src/main.o
                0x2000004c                current_line
                0x2000004e                max_line
 .data          0x20000050       0x14 Src/stm32f429i_discovery.o
                0x20000050                SpixTimeout
                0x20000054                GPIO_PORT
                0x2000005c                BUTTON_PORT
                0x20000060                I2cxTimeout
 .data          0x20000064       0x15 Src/stm32f4xx_it.o
                0x20000064                speed
                0x20000078                max_speed
 *(.data*)
 *fill*         0x20000079        0x7 
 .data.impure_data
                0x20000080      0x428 /usr/local/gcc-arm-none-eabi-5_4-2016q2/bin/../lib/gcc/arm-none-eabi/5.4.1/../../../../arm-none-eabi/lib/armv7e-m/softfp/libc.a(lib_a-impure.o)
 .data._impure_ptr
                0x200004a8        0x4 /usr/local/gcc-arm-none-eabi-5_4-2016q2/bin/../lib/gcc/arm-none-eabi/5.4.1/../../../../arm-none-eabi/lib/armv7e-m/softfp/libc.a(lib_a-impure.o)
                0x200004a8                _impure_ptr
 .data.lconv    0x200004ac       0x38 /usr/local/gcc-arm-none-eabi-5_4-2016q2/bin/../lib/gcc/arm-none-eabi/5.4.1/../../../../arm-none-eabi/lib/armv7e-m/softfp/libc.a(lib_a-locale.o)
 .data.__malloc_av_
                0x200004e4      0x408 /usr/local/gcc-arm-none-eabi-5_4-2016q2/bin/../lib/gcc/arm-none-eabi/5.4.1/../../../../arm-none-eabi/lib/armv7e-m/softfp/libc.a(lib_a-mallocr.o)
                0x200004e4                __malloc_av_
 .data.__malloc_trim_threshold
                0x200008ec        0x4 /usr/local/gcc-arm-none-eabi-5_4-2016q2/bin/../lib/gcc/arm-none-eabi/5.4.1/../../../../arm-none-eabi/lib/armv7e-m/softfp/libc.a(lib_a-mallocr.o)
                0x200008ec                __malloc_trim_threshold
 .data.__malloc_sbrk_base
                0x200008f0        0x4 /usr/local/gcc-arm-none-eabi-5_4-2016q2/bin/../lib/gcc/arm-none-eabi/5.4.1/../../../../arm-none-eabi/lib/armv7e-m/softfp/libc.a(lib_a-mallocr.o)
                0x200008f0                __malloc_sbrk_base
                0x200008f4                . = ALIGN (0x4)
                0x200008f4                _edata = .
                0x080130b8                _siccmram = LOADADDR (.ccmram)

.jcr            0x200008f4        0x0 load address 0x080130b8
 .jcr           0x200008f4        0x0 /usr/local/gcc-arm-none-eabi-5_4-2016q2/bin/../lib/gcc/arm-none-eabi/5.4.1/armv7e-m/softfp/crtbegin.o

.igot.plt       0x200008f4        0x0 load address 0x080130b8
 .igot.plt      0x200008f4        0x0 /usr/local/gcc-arm-none-eabi-5_4-2016q2/bin/../lib/gcc/arm-none-eabi/5.4.1/armv7e-m/softfp/crtbegin.o

.ccmram         0x10000000        0x0 load address 0x080130b8
                0x10000000                . = ALIGN (0x4)
                0x10000000                _sccmram = .
 *(.ccmram)
 *(.ccmram*)
                0x10000000                . = ALIGN (0x4)
                0x10000000                _eccmram = .
                0x10000000                . = ALIGN (0x4)

.bss            0x200008f4      0x57c
                0x200008f4                _sbss = .
                0x200008f4                __bss_start__ = _sbss
 *(.bss)
 .bss           0x200008f4       0x1c /usr/local/gcc-arm-none-eabi-5_4-2016q2/bin/../lib/gcc/arm-none-eabi/5.4.1/armv7e-m/softfp/crtbegin.o
 .bss           0x20000910      0x26c Src/main.o
                0x20000910                buffer
                0x20000974                huart1
                0x200009b4                hltdc
                0x20000a5c                hdma2d
                0x20000a9c                hsdram1
                0x20000ad0                hi2c3
                0x20000b24                hspi5
 .bss           0x20000b7c       0xad Src/stm32f429i_discovery.o
                0x20000bd4                I2cHandle
 *fill*         0x20000c29        0x3 
 .bss           0x20000c2c      0x138 Src/stm32f429i_discovery_lcd.o
                0x20000c6c                LtdcHandler
                0x20000d44                LcdDrv
 .bss           0x20000d64       0xc0 Src/stm32f429i_discovery_sdram.o
 .bss           0x20000e24        0x8 Src/stm32f4xx_hal_msp.o
 .bss           0x20000e2c        0x3 Src/stm32f4xx_it.o
                0x20000e2c                current_speed
                0x20000e2d                button_count
                0x20000e2e                button_state
 *fill*         0x20000e2f        0x1 
 .bss           0x20000e30        0x4 Src/syscalls.o
 .bss           0x20000e34        0x4 ./Drivers//STM32F4xx_HAL_Driver/libstm32fw.a(stm32f4xx_hal.o)
                0x20000e34                uwTick
 *(.bss*)
 .bss.__malloc_max_total_mem
                0x20000e38        0x4 /usr/local/gcc-arm-none-eabi-5_4-2016q2/bin/../lib/gcc/arm-none-eabi/5.4.1/../../../../arm-none-eabi/lib/armv7e-m/softfp/libc.a(lib_a-mallocr.o)
                0x20000e38                __malloc_max_total_mem
 .bss.__malloc_max_sbrked_mem
                0x20000e3c        0x4 /usr/local/gcc-arm-none-eabi-5_4-2016q2/bin/../lib/gcc/arm-none-eabi/5.4.1/../../../../arm-none-eabi/lib/armv7e-m/softfp/libc.a(lib_a-mallocr.o)
                0x20000e3c                __malloc_max_sbrked_mem
 .bss.__malloc_top_pad
                0x20000e40        0x4 /usr/local/gcc-arm-none-eabi-5_4-2016q2/bin/../lib/gcc/arm-none-eabi/5.4.1/../../../../arm-none-eabi/lib/armv7e-m/softfp/libc.a(lib_a-mallocr.o)
                0x20000e40                __malloc_top_pad
 .bss.__malloc_current_mallinfo
                0x20000e44       0x28 /usr/local/gcc-arm-none-eabi-5_4-2016q2/bin/../lib/gcc/arm-none-eabi/5.4.1/../../../../arm-none-eabi/lib/armv7e-m/softfp/libc.a(lib_a-mallocr.o)
                0x20000e44                __malloc_current_mallinfo
 *(COMMON)
 COMMON         0x20000e6c        0x4 /usr/local/gcc-arm-none-eabi-5_4-2016q2/bin/../lib/gcc/arm-none-eabi/5.4.1/../../../../arm-none-eabi/lib/armv7e-m/softfp/libc.a(lib_a-reent.o)
                0x20000e6c                errno
                0x20000e70                . = ALIGN (0x4)
                0x20000e70                _ebss = .
                0x20000e70                __bss_end__ = _ebss

._user_heap_stack
                0x20000e70      0x600
                0x20000e70                . = ALIGN (0x4)
                0x20000e70                PROVIDE (end, .)
                [!provide]                PROVIDE (_end, .)
                0x20001070                . = (. + _Min_Heap_Size)
 *fill*         0x20000e70      0x200 
                0x20001470                . = (. + _Min_Stack_Size)
 *fill*         0x20001070      0x400 
                0x20001470                . = ALIGN (0x4)

/DISCARD/
 libc.a(*)
 libm.a(*)
 libgcc.a(*)

.ARM.attributes
                0x00000000       0x2e
 *(.ARM.attributes)
 .ARM.attributes
                0x00000000       0x22 /usr/local/gcc-arm-none-eabi-5_4-2016q2/bin/../lib/gcc/arm-none-eabi/5.4.1/armv7e-m/softfp/crti.o
 .ARM.attributes
                0x00000022       0x32 /usr/local/gcc-arm-none-eabi-5_4-2016q2/bin/../lib/gcc/arm-none-eabi/5.4.1/armv7e-m/softfp/crtbegin.o
 .ARM.attributes
                0x00000054       0x21 Drivers/CMSIS/Device/ST/STM32F4xx//Source/Templates/gcc/startup_stm32f429xx.o
 .ARM.attributes
                0x00000075       0x33 Drivers/CMSIS/Device/ST/STM32F4xx//Source/Templates/system_stm32f4xx.o
 .ARM.attributes
                0x000000a8       0x33 Src/font12.o
 .ARM.attributes
                0x000000db       0x33 Src/font24.o
 .ARM.attributes
                0x0000010e       0x33 Src/ili9341.o
 .ARM.attributes
                0x00000141       0x33 Src/main.o
 .ARM.attributes
                0x00000174       0x33 Src/stm32f429i_discovery.o
 .ARM.attributes
                0x000001a7       0x37 Src/stm32f429i_discovery_lcd.o
 .ARM.attributes
                0x000001de       0x33 Src/stm32f429i_discovery_sdram.o
 .ARM.attributes
                0x00000211       0x33 Src/stm32f4xx_hal_msp.o
 .ARM.attributes
                0x00000244       0x33 Src/stm32f4xx_it.o
 .ARM.attributes
                0x00000277       0x33 Src/syscalls.o
 .ARM.attributes
                0x000002aa       0x33 ./Drivers//STM32F4xx_HAL_Driver/libstm32fw.a(stm32f4xx_hal.o)
 .ARM.attributes
                0x000002dd       0x33 ./Drivers//STM32F4xx_HAL_Driver/libstm32fw.a(stm32f4xx_hal_cortex.o)
 .ARM.attributes
                0x00000310       0x33 ./Drivers//STM32F4xx_HAL_Driver/libstm32fw.a(stm32f4xx_hal_dma.o)
 .ARM.attributes
                0x00000343       0x33 ./Drivers//STM32F4xx_HAL_Driver/libstm32fw.a(stm32f4xx_hal_dma2d.o)
 .ARM.attributes
                0x00000376       0x33 ./Drivers//STM32F4xx_HAL_Driver/libstm32fw.a(stm32f4xx_hal_gpio.o)
 .ARM.attributes
                0x000003a9       0x33 ./Drivers//STM32F4xx_HAL_Driver/libstm32fw.a(stm32f4xx_hal_i2c.o)
 .ARM.attributes
                0x000003dc       0x33 ./Drivers//STM32F4xx_HAL_Driver/libstm32fw.a(stm32f4xx_hal_ltdc.o)
 .ARM.attributes
                0x0000040f       0x33 ./Drivers//STM32F4xx_HAL_Driver/libstm32fw.a(stm32f4xx_hal_pwr_ex.o)
 .ARM.attributes
                0x00000442       0x33 ./Drivers//STM32F4xx_HAL_Driver/libstm32fw.a(stm32f4xx_hal_rcc.o)
 .ARM.attributes
                0x00000475       0x33 ./Drivers//STM32F4xx_HAL_Driver/libstm32fw.a(stm32f4xx_hal_rcc_ex.o)
 .ARM.attributes
                0x000004a8       0x33 ./Drivers//STM32F4xx_HAL_Driver/libstm32fw.a(stm32f4xx_hal_sdram.o)
 .ARM.attributes
                0x000004db       0x33 ./Drivers//STM32F4xx_HAL_Driver/libstm32fw.a(stm32f4xx_hal_spi.o)
 .ARM.attributes
                0x0000050e       0x33 ./Drivers//STM32F4xx_HAL_Driver/libstm32fw.a(stm32f4xx_hal_uart.o)
 .ARM.attributes
                0x00000541       0x33 ./Drivers//STM32F4xx_HAL_Driver/libstm32fw.a(stm32f4xx_ll_fmc.o)
 .ARM.attributes
                0x00000574       0x32 /usr/local/gcc-arm-none-eabi-5_4-2016q2/bin/../lib/gcc/arm-none-eabi/5.4.1/../../../../arm-none-eabi/lib/armv7e-m/softfp/libc.a(lib_a-impure.o)
 .ARM.attributes
                0x000005a6       0x32 /usr/local/gcc-arm-none-eabi-5_4-2016q2/bin/../lib/gcc/arm-none-eabi/5.4.1/../../../../arm-none-eabi/lib/armv7e-m/softfp/libc.a(lib_a-init.o)
 .ARM.attributes
                0x000005d8       0x32 /usr/local/gcc-arm-none-eabi-5_4-2016q2/bin/../lib/gcc/arm-none-eabi/5.4.1/../../../../arm-none-eabi/lib/armv7e-m/softfp/libc.a(lib_a-memset.o)
 .ARM.attributes
                0x0000060a       0x32 /usr/local/gcc-arm-none-eabi-5_4-2016q2/bin/../lib/gcc/arm-none-eabi/5.4.1/../../../../arm-none-eabi/lib/armv7e-m/softfp/libc.a(lib_a-reent.o)
 .ARM.attributes
                0x0000063c       0x32 /usr/local/gcc-arm-none-eabi-5_4-2016q2/bin/../lib/gcc/arm-none-eabi/5.4.1/../../../../arm-none-eabi/lib/armv7e-m/softfp/libc.a(lib_a-sprintf.o)
 .ARM.attributes
                0x0000066e       0x32 /usr/local/gcc-arm-none-eabi-5_4-2016q2/bin/../lib/gcc/arm-none-eabi/5.4.1/../../../../arm-none-eabi/lib/armv7e-m/softfp/libc.a(lib_a-strcat.o)
 .ARM.attributes
                0x000006a0       0x32 /usr/local/gcc-arm-none-eabi-5_4-2016q2/bin/../lib/gcc/arm-none-eabi/5.4.1/../../../../arm-none-eabi/lib/armv7e-m/softfp/libc.a(lib_a-strcpy.o)
 .ARM.attributes
                0x000006d2       0x32 /usr/local/gcc-arm-none-eabi-5_4-2016q2/bin/../lib/gcc/arm-none-eabi/5.4.1/../../../../arm-none-eabi/lib/armv7e-m/softfp/libc.a(lib_a-svfprintf.o)
 .ARM.attributes
                0x00000704       0x32 /usr/local/gcc-arm-none-eabi-5_4-2016q2/bin/../lib/gcc/arm-none-eabi/5.4.1/../../../../arm-none-eabi/lib/armv7e-m/softfp/libc.a(lib_a-__call_atexit.o)
 .ARM.attributes
                0x00000736       0x32 /usr/local/gcc-arm-none-eabi-5_4-2016q2/bin/../lib/gcc/arm-none-eabi/5.4.1/../../../../arm-none-eabi/lib/armv7e-m/softfp/libc.a(lib_a-atexit.o)
 .ARM.attributes
                0x00000768       0x32 /usr/local/gcc-arm-none-eabi-5_4-2016q2/bin/../lib/gcc/arm-none-eabi/5.4.1/../../../../arm-none-eabi/lib/armv7e-m/softfp/libc.a(lib_a-dtoa.o)
 .ARM.attributes
                0x0000079a       0x32 /usr/local/gcc-arm-none-eabi-5_4-2016q2/bin/../lib/gcc/arm-none-eabi/5.4.1/../../../../arm-none-eabi/lib/armv7e-m/softfp/libc.a(lib_a-fini.o)
 .ARM.attributes
                0x000007cc       0x32 /usr/local/gcc-arm-none-eabi-5_4-2016q2/bin/../lib/gcc/arm-none-eabi/5.4.1/../../../../arm-none-eabi/lib/armv7e-m/softfp/libc.a(lib_a-freer.o)
 .ARM.attributes
                0x000007fe       0x32 /usr/local/gcc-arm-none-eabi-5_4-2016q2/bin/../lib/gcc/arm-none-eabi/5.4.1/../../../../arm-none-eabi/lib/armv7e-m/softfp/libc.a(lib_a-locale.o)
 .ARM.attributes
                0x00000830       0x32 /usr/local/gcc-arm-none-eabi-5_4-2016q2/bin/../lib/gcc/arm-none-eabi/5.4.1/../../../../arm-none-eabi/lib/armv7e-m/softfp/libc.a(lib_a-mallocr.o)
 .ARM.attributes
                0x00000862       0x20 /usr/local/gcc-arm-none-eabi-5_4-2016q2/bin/../lib/gcc/arm-none-eabi/5.4.1/../../../../arm-none-eabi/lib/armv7e-m/softfp/libc.a(lib_a-memchr.o)
 .ARM.attributes
                0x00000882       0x20 /usr/local/gcc-arm-none-eabi-5_4-2016q2/bin/../lib/gcc/arm-none-eabi/5.4.1/../../../../arm-none-eabi/lib/armv7e-m/softfp/libc.a(lib_a-memcpy.o)
 .ARM.attributes
                0x000008a2       0x32 /usr/local/gcc-arm-none-eabi-5_4-2016q2/bin/../lib/gcc/arm-none-eabi/5.4.1/../../../../arm-none-eabi/lib/armv7e-m/softfp/libc.a(lib_a-mlock.o)
 .ARM.attributes
                0x000008d4       0x32 /usr/local/gcc-arm-none-eabi-5_4-2016q2/bin/../lib/gcc/arm-none-eabi/5.4.1/../../../../arm-none-eabi/lib/armv7e-m/softfp/libc.a(lib_a-mprec.o)
 .ARM.attributes
                0x00000906       0x32 /usr/local/gcc-arm-none-eabi-5_4-2016q2/bin/../lib/gcc/arm-none-eabi/5.4.1/../../../../arm-none-eabi/lib/armv7e-m/softfp/libc.a(lib_a-sbrkr.o)
 .ARM.attributes
                0x00000938       0x20 /usr/local/gcc-arm-none-eabi-5_4-2016q2/bin/../lib/gcc/arm-none-eabi/5.4.1/../../../../arm-none-eabi/lib/armv7e-m/softfp/libc.a(lib_a-strlen.o)
 .ARM.attributes
                0x00000958       0x32 /usr/local/gcc-arm-none-eabi-5_4-2016q2/bin/../lib/gcc/arm-none-eabi/5.4.1/../../../../arm-none-eabi/lib/armv7e-m/softfp/libc.a(lib_a-svfiprintf.o)
 .ARM.attributes
                0x0000098a       0x32 /usr/local/gcc-arm-none-eabi-5_4-2016q2/bin/../lib/gcc/arm-none-eabi/5.4.1/../../../../arm-none-eabi/lib/armv7e-m/softfp/libc.a(lib_a-__atexit.o)
 .ARM.attributes
                0x000009bc       0x32 /usr/local/gcc-arm-none-eabi-5_4-2016q2/bin/../lib/gcc/arm-none-eabi/5.4.1/../../../../arm-none-eabi/lib/armv7e-m/softfp/libc.a(lib_a-callocr.o)
 .ARM.attributes
                0x000009ee       0x32 /usr/local/gcc-arm-none-eabi-5_4-2016q2/bin/../lib/gcc/arm-none-eabi/5.4.1/../../../../arm-none-eabi/lib/armv7e-m/softfp/libc.a(lib_a-memmove.o)
 .ARM.attributes
                0x00000a20       0x32 /usr/local/gcc-arm-none-eabi-5_4-2016q2/bin/../lib/gcc/arm-none-eabi/5.4.1/../../../../arm-none-eabi/lib/armv7e-m/softfp/libc.a(lib_a-reallocr.o)
 .ARM.attributes
                0x00000a52       0x22 /usr/local/gcc-arm-none-eabi-5_4-2016q2/bin/../lib/gcc/arm-none-eabi/5.4.1/armv7e-m/softfp/libgcc.a(_arm_addsubdf3.o)
 .ARM.attributes
                0x00000a74       0x22 /usr/local/gcc-arm-none-eabi-5_4-2016q2/bin/../lib/gcc/arm-none-eabi/5.4.1/armv7e-m/softfp/libgcc.a(_arm_muldivdf3.o)
 .ARM.attributes
                0x00000a96       0x22 /usr/local/gcc-arm-none-eabi-5_4-2016q2/bin/../lib/gcc/arm-none-eabi/5.4.1/armv7e-m/softfp/libgcc.a(_arm_cmpdf2.o)
 .ARM.attributes
                0x00000ab8       0x22 /usr/local/gcc-arm-none-eabi-5_4-2016q2/bin/../lib/gcc/arm-none-eabi/5.4.1/armv7e-m/softfp/libgcc.a(_arm_unorddf2.o)
 .ARM.attributes
                0x00000ada       0x22 /usr/local/gcc-arm-none-eabi-5_4-2016q2/bin/../lib/gcc/arm-none-eabi/5.4.1/armv7e-m/softfp/libgcc.a(_arm_fixdfsi.o)
 .ARM.attributes
                0x00000afc       0x22 /usr/local/gcc-arm-none-eabi-5_4-2016q2/bin/../lib/gcc/arm-none-eabi/5.4.1/armv7e-m/softfp/libgcc.a(_aeabi_uldivmod.o)
 .ARM.attributes
                0x00000b1e       0x32 /usr/local/gcc-arm-none-eabi-5_4-2016q2/bin/../lib/gcc/arm-none-eabi/5.4.1/armv7e-m/softfp/libgcc.a(_udivmoddi4.o)
 .ARM.attributes
                0x00000b50       0x22 /usr/local/gcc-arm-none-eabi-5_4-2016q2/bin/../lib/gcc/arm-none-eabi/5.4.1/armv7e-m/softfp/libgcc.a(_dvmd_tls.o)
 .ARM.attributes
                0x00000b72       0x22 /usr/local/gcc-arm-none-eabi-5_4-2016q2/bin/../lib/gcc/arm-none-eabi/5.4.1/armv7e-m/softfp/crtn.o
OUTPUT(main.out elf32-littlearm)

.debug_line     0x00000000     0x861e
 .debug_line    0x00000000       0xac Drivers/CMSIS/Device/ST/STM32F4xx//Source/Templates/gcc/startup_stm32f429xx.o
 .debug_line    0x000000ac      0x1ba Drivers/CMSIS/Device/ST/STM32F4xx//Source/Templates/system_stm32f4xx.o
 .debug_line    0x00000266       0xe5 Src/font12.o
 .debug_line    0x0000034b       0xe5 Src/font24.o
 .debug_line    0x00000430      0x1d2 Src/ili9341.o
 .debug_line    0x00000602      0x477 Src/main.o
 .debug_line    0x00000a79      0x4c9 Src/stm32f429i_discovery.o
 .debug_line    0x00000f42      0xaf5 Src/stm32f429i_discovery_lcd.o
 .debug_line    0x00001a37      0x352 Src/stm32f429i_discovery_sdram.o
 .debug_line    0x00001d89      0x443 Src/stm32f4xx_hal_msp.o
 .debug_line    0x000021cc      0x2a2 Src/stm32f4xx_it.o
 .debug_line    0x0000246e      0x18d Src/syscalls.o
 .debug_line    0x000025fb      0x26f ./Drivers//STM32F4xx_HAL_Driver/libstm32fw.a(stm32f4xx_hal.o)
 .debug_line    0x0000286a      0x31d ./Drivers//STM32F4xx_HAL_Driver/libstm32fw.a(stm32f4xx_hal_cortex.o)
 .debug_line    0x00002b87      0x547 ./Drivers//STM32F4xx_HAL_Driver/libstm32fw.a(stm32f4xx_hal_dma.o)
 .debug_line    0x000030ce      0x867 ./Drivers//STM32F4xx_HAL_Driver/libstm32fw.a(stm32f4xx_hal_dma2d.o)
 .debug_line    0x00003935      0x36f ./Drivers//STM32F4xx_HAL_Driver/libstm32fw.a(stm32f4xx_hal_gpio.o)
 .debug_line    0x00003ca4     0x172a ./Drivers//STM32F4xx_HAL_Driver/libstm32fw.a(stm32f4xx_hal_i2c.o)
 .debug_line    0x000053ce      0xc75 ./Drivers//STM32F4xx_HAL_Driver/libstm32fw.a(stm32f4xx_hal_ltdc.o)
 .debug_line    0x00006043      0x2e2 ./Drivers//STM32F4xx_HAL_Driver/libstm32fw.a(stm32f4xx_hal_pwr_ex.o)
 .debug_line    0x00006325      0x4fb ./Drivers//STM32F4xx_HAL_Driver/libstm32fw.a(stm32f4xx_hal_rcc.o)
 .debug_line    0x00006820      0x3b7 ./Drivers//STM32F4xx_HAL_Driver/libstm32fw.a(stm32f4xx_hal_rcc_ex.o)
 .debug_line    0x00006bd7      0x3fe ./Drivers//STM32F4xx_HAL_Driver/libstm32fw.a(stm32f4xx_hal_sdram.o)
 .debug_line    0x00006fd5      0x8d4 ./Drivers//STM32F4xx_HAL_Driver/libstm32fw.a(stm32f4xx_hal_spi.o)
 .debug_line    0x000078a9      0x914 ./Drivers//STM32F4xx_HAL_Driver/libstm32fw.a(stm32f4xx_hal_uart.o)
 .debug_line    0x000081bd      0x461 ./Drivers//STM32F4xx_HAL_Driver/libstm32fw.a(stm32f4xx_ll_fmc.o)

.debug_info     0x00000000    0x1bf30
 .debug_info    0x00000000       0x87 Drivers/CMSIS/Device/ST/STM32F4xx//Source/Templates/gcc/startup_stm32f429xx.o
 .debug_info    0x00000087      0x4f0 Drivers/CMSIS/Device/ST/STM32F4xx//Source/Templates/system_stm32f4xx.o
 .debug_info    0x00000577      0x117 Src/font12.o
 .debug_info    0x0000068e      0x117 Src/font24.o
 .debug_info    0x000007a5     0x1705 Src/ili9341.o
 .debug_info    0x00001eaa     0x23e0 Src/main.o
 .debug_info    0x0000428a     0x2262 Src/stm32f429i_discovery.o
 .debug_info    0x000064ec     0x2fa9 Src/stm32f429i_discovery_lcd.o
 .debug_info    0x00009495     0x11a6 Src/stm32f429i_discovery_sdram.o
 .debug_info    0x0000a63b     0x1f4a Src/stm32f4xx_hal_msp.o
 .debug_info    0x0000c585      0x90a Src/stm32f4xx_it.o
 .debug_info    0x0000ce8f      0x7ab Src/syscalls.o
 .debug_info    0x0000d63a      0x9ac ./Drivers//STM32F4xx_HAL_Driver/libstm32fw.a(stm32f4xx_hal.o)
 .debug_info    0x0000dfe6      0xeb9 ./Drivers//STM32F4xx_HAL_Driver/libstm32fw.a(stm32f4xx_hal_cortex.o)
 .debug_info    0x0000ee9f      0xa73 ./Drivers//STM32F4xx_HAL_Driver/libstm32fw.a(stm32f4xx_hal_dma.o)
 .debug_info    0x0000f912     0x1373 ./Drivers//STM32F4xx_HAL_Driver/libstm32fw.a(stm32f4xx_hal_dma2d.o)
 .debug_info    0x00010c85      0x747 ./Drivers//STM32F4xx_HAL_Driver/libstm32fw.a(stm32f4xx_hal_gpio.o)
 .debug_info    0x000113cc     0x313e ./Drivers//STM32F4xx_HAL_Driver/libstm32fw.a(stm32f4xx_hal_i2c.o)
 .debug_info    0x0001450a     0x1241 ./Drivers//STM32F4xx_HAL_Driver/libstm32fw.a(stm32f4xx_hal_ltdc.o)
 .debug_info    0x0001574b      0x952 ./Drivers//STM32F4xx_HAL_Driver/libstm32fw.a(stm32f4xx_hal_pwr_ex.o)
 .debug_info    0x0001609d      0xcd1 ./Drivers//STM32F4xx_HAL_Driver/libstm32fw.a(stm32f4xx_hal_rcc.o)
 .debug_info    0x00016d6e      0x8ba ./Drivers//STM32F4xx_HAL_Driver/libstm32fw.a(stm32f4xx_hal_rcc_ex.o)
 .debug_info    0x00017628      0xcff ./Drivers//STM32F4xx_HAL_Driver/libstm32fw.a(stm32f4xx_hal_sdram.o)
 .debug_info    0x00018327     0x1a56 ./Drivers//STM32F4xx_HAL_Driver/libstm32fw.a(stm32f4xx_hal_spi.o)
 .debug_info    0x00019d7d     0x12e4 ./Drivers//STM32F4xx_HAL_Driver/libstm32fw.a(stm32f4xx_hal_uart.o)
 .debug_info    0x0001b061      0xecf ./Drivers//STM32F4xx_HAL_Driver/libstm32fw.a(stm32f4xx_ll_fmc.o)

.debug_abbrev   0x00000000     0x3c57
 .debug_abbrev  0x00000000       0x12 Drivers/CMSIS/Device/ST/STM32F4xx//Source/Templates/gcc/startup_stm32f429xx.o
 .debug_abbrev  0x00000012      0x101 Drivers/CMSIS/Device/ST/STM32F4xx//Source/Templates/system_stm32f4xx.o
 .debug_abbrev  0x00000113       0x95 Src/font12.o
 .debug_abbrev  0x000001a8       0x95 Src/font24.o
 .debug_abbrev  0x0000023d      0x1e8 Src/ili9341.o
 .debug_abbrev  0x00000425      0x34d Src/main.o
 .debug_abbrev  0x00000772      0x385 Src/stm32f429i_discovery.o
 .debug_abbrev  0x00000af7      0x481 Src/stm32f429i_discovery_lcd.o
 .debug_abbrev  0x00000f78      0x252 Src/stm32f429i_discovery_sdram.o
 .debug_abbrev  0x000011ca      0x271 Src/stm32f4xx_hal_msp.o
 .debug_abbrev  0x0000143b      0x226 Src/stm32f4xx_it.o
 .debug_abbrev  0x00001661      0x1e5 Src/syscalls.o
 .debug_abbrev  0x00001846      0x244 ./Drivers//STM32F4xx_HAL_Driver/libstm32fw.a(stm32f4xx_hal.o)
 .debug_abbrev  0x00001a8a      0x320 ./Drivers//STM32F4xx_HAL_Driver/libstm32fw.a(stm32f4xx_hal_cortex.o)
 .debug_abbrev  0x00001daa      0x2ca ./Drivers//STM32F4xx_HAL_Driver/libstm32fw.a(stm32f4xx_hal_dma.o)
 .debug_abbrev  0x00002074      0x32c ./Drivers//STM32F4xx_HAL_Driver/libstm32fw.a(stm32f4xx_hal_dma2d.o)
 .debug_abbrev  0x000023a0      0x1c8 ./Drivers//STM32F4xx_HAL_Driver/libstm32fw.a(stm32f4xx_hal_gpio.o)
 .debug_abbrev  0x00002568      0x351 ./Drivers//STM32F4xx_HAL_Driver/libstm32fw.a(stm32f4xx_hal_i2c.o)
 .debug_abbrev  0x000028b9      0x243 ./Drivers//STM32F4xx_HAL_Driver/libstm32fw.a(stm32f4xx_hal_ltdc.o)
 .debug_abbrev  0x00002afc      0x22e ./Drivers//STM32F4xx_HAL_Driver/libstm32fw.a(stm32f4xx_hal_pwr_ex.o)
 .debug_abbrev  0x00002d2a      0x31e ./Drivers//STM32F4xx_HAL_Driver/libstm32fw.a(stm32f4xx_hal_rcc.o)
 .debug_abbrev  0x00003048      0x201 ./Drivers//STM32F4xx_HAL_Driver/libstm32fw.a(stm32f4xx_hal_rcc_ex.o)
 .debug_abbrev  0x00003249      0x236 ./Drivers//STM32F4xx_HAL_Driver/libstm32fw.a(stm32f4xx_hal_sdram.o)
 .debug_abbrev  0x0000347f      0x34c ./Drivers//STM32F4xx_HAL_Driver/libstm32fw.a(stm32f4xx_hal_spi.o)
 .debug_abbrev  0x000037cb      0x2f0 ./Drivers//STM32F4xx_HAL_Driver/libstm32fw.a(stm32f4xx_hal_uart.o)
 .debug_abbrev  0x00003abb      0x19c ./Drivers//STM32F4xx_HAL_Driver/libstm32fw.a(stm32f4xx_ll_fmc.o)

.debug_aranges  0x00000000      0x340
 .debug_aranges
                0x00000000       0x28 Drivers/CMSIS/Device/ST/STM32F4xx//Source/Templates/gcc/startup_stm32f429xx.o
 .debug_aranges
                0x00000028       0x20 Drivers/CMSIS/Device/ST/STM32F4xx//Source/Templates/system_stm32f4xx.o
 .debug_aranges
                0x00000048       0x18 Src/font12.o
 .debug_aranges
                0x00000060       0x18 Src/font24.o
 .debug_aranges
                0x00000078       0x20 Src/ili9341.o
 .debug_aranges
                0x00000098       0x28 Src/main.o
 .debug_aranges
                0x000000c0       0x20 Src/stm32f429i_discovery.o
 .debug_aranges
                0x000000e0       0x20 Src/stm32f429i_discovery_lcd.o
 .debug_aranges
                0x00000100       0x20 Src/stm32f429i_discovery_sdram.o
 .debug_aranges
                0x00000120       0x20 Src/stm32f4xx_hal_msp.o
 .debug_aranges
                0x00000140       0x20 Src/stm32f4xx_it.o
 .debug_aranges
                0x00000160       0x20 Src/syscalls.o
 .debug_aranges
                0x00000180       0x20 ./Drivers//STM32F4xx_HAL_Driver/libstm32fw.a(stm32f4xx_hal.o)
 .debug_aranges
                0x000001a0       0x20 ./Drivers//STM32F4xx_HAL_Driver/libstm32fw.a(stm32f4xx_hal_cortex.o)
 .debug_aranges
                0x000001c0       0x20 ./Drivers//STM32F4xx_HAL_Driver/libstm32fw.a(stm32f4xx_hal_dma.o)
 .debug_aranges
                0x000001e0       0x20 ./Drivers//STM32F4xx_HAL_Driver/libstm32fw.a(stm32f4xx_hal_dma2d.o)
 .debug_aranges
                0x00000200       0x20 ./Drivers//STM32F4xx_HAL_Driver/libstm32fw.a(stm32f4xx_hal_gpio.o)
 .debug_aranges
                0x00000220       0x20 ./Drivers//STM32F4xx_HAL_Driver/libstm32fw.a(stm32f4xx_hal_i2c.o)
 .debug_aranges
                0x00000240       0x20 ./Drivers//STM32F4xx_HAL_Driver/libstm32fw.a(stm32f4xx_hal_ltdc.o)
 .debug_aranges
                0x00000260       0x20 ./Drivers//STM32F4xx_HAL_Driver/libstm32fw.a(stm32f4xx_hal_pwr_ex.o)
 .debug_aranges
                0x00000280       0x20 ./Drivers//STM32F4xx_HAL_Driver/libstm32fw.a(stm32f4xx_hal_rcc.o)
 .debug_aranges
                0x000002a0       0x20 ./Drivers//STM32F4xx_HAL_Driver/libstm32fw.a(stm32f4xx_hal_rcc_ex.o)
 .debug_aranges
                0x000002c0       0x20 ./Drivers//STM32F4xx_HAL_Driver/libstm32fw.a(stm32f4xx_hal_sdram.o)
 .debug_aranges
                0x000002e0       0x20 ./Drivers//STM32F4xx_HAL_Driver/libstm32fw.a(stm32f4xx_hal_spi.o)
 .debug_aranges
                0x00000300       0x20 ./Drivers//STM32F4xx_HAL_Driver/libstm32fw.a(stm32f4xx_hal_uart.o)
 .debug_aranges
                0x00000320       0x20 ./Drivers//STM32F4xx_HAL_Driver/libstm32fw.a(stm32f4xx_ll_fmc.o)

.debug_ranges   0x00000000     0x1700
 .debug_ranges  0x00000000       0x20 Drivers/CMSIS/Device/ST/STM32F4xx//Source/Templates/gcc/startup_stm32f429xx.o
 .debug_ranges  0x00000020       0x18 Src/ili9341.o
 .debug_ranges  0x00000038       0xc8 Src/main.o
 .debug_ranges  0x00000100      0x288 Src/stm32f429i_discovery.o
 .debug_ranges  0x00000388      0x800 Src/stm32f429i_discovery_lcd.o
 .debug_ranges  0x00000b88       0xe8 Src/stm32f429i_discovery_sdram.o
 .debug_ranges  0x00000c70       0xf0 Src/stm32f4xx_hal_msp.o
 .debug_ranges  0x00000d60       0xe8 ./Drivers//STM32F4xx_HAL_Driver/libstm32fw.a(stm32f4xx_hal_cortex.o)
 .debug_ranges  0x00000e48       0xa0 ./Drivers//STM32F4xx_HAL_Driver/libstm32fw.a(stm32f4xx_hal_dma.o)
 .debug_ranges  0x00000ee8      0x168 ./Drivers//STM32F4xx_HAL_Driver/libstm32fw.a(stm32f4xx_hal_dma2d.o)
 .debug_ranges  0x00001050       0x20 ./Drivers//STM32F4xx_HAL_Driver/libstm32fw.a(stm32f4xx_hal_gpio.o)
 .debug_ranges  0x00001070      0x2f0 ./Drivers//STM32F4xx_HAL_Driver/libstm32fw.a(stm32f4xx_hal_i2c.o)
 .debug_ranges  0x00001360       0x38 ./Drivers//STM32F4xx_HAL_Driver/libstm32fw.a(stm32f4xx_hal_pwr_ex.o)
 .debug_ranges  0x00001398      0x118 ./Drivers//STM32F4xx_HAL_Driver/libstm32fw.a(stm32f4xx_hal_rcc.o)
 .debug_ranges  0x000014b0       0xc0 ./Drivers//STM32F4xx_HAL_Driver/libstm32fw.a(stm32f4xx_hal_rcc_ex.o)
 .debug_ranges  0x00001570      0x148 ./Drivers//STM32F4xx_HAL_Driver/libstm32fw.a(stm32f4xx_hal_spi.o)
 .debug_ranges  0x000016b8       0x48 ./Drivers//STM32F4xx_HAL_Driver/libstm32fw.a(stm32f4xx_hal_uart.o)

.debug_loc      0x00000000    0x10027
 .debug_loc     0x00000000      0x14c Drivers/CMSIS/Device/ST/STM32F4xx//Source/Templates/system_stm32f4xx.o
 .debug_loc     0x0000014c      0x919 Src/ili9341.o
 .debug_loc     0x00000a65       0xf0 Src/main.o
 .debug_loc     0x00000b55      0x85d Src/stm32f429i_discovery.o
 .debug_loc     0x000013b2     0x24a7 Src/stm32f429i_discovery_lcd.o
 .debug_loc     0x00003859      0x289 Src/stm32f429i_discovery_sdram.o
 .debug_loc     0x00003ae2      0x14a Src/stm32f4xx_hal_msp.o
 .debug_loc     0x00003c2c      0x343 Src/syscalls.o
 .debug_loc     0x00003f6f       0xbe ./Drivers//STM32F4xx_HAL_Driver/libstm32fw.a(stm32f4xx_hal.o)
 .debug_loc     0x0000402d      0x637 ./Drivers//STM32F4xx_HAL_Driver/libstm32fw.a(stm32f4xx_hal_cortex.o)
 .debug_loc     0x00004664      0x9b7 ./Drivers//STM32F4xx_HAL_Driver/libstm32fw.a(stm32f4xx_hal_dma.o)
 .debug_loc     0x0000501b     0x11b3 ./Drivers//STM32F4xx_HAL_Driver/libstm32fw.a(stm32f4xx_hal_dma2d.o)
 .debug_loc     0x000061ce      0x3d4 ./Drivers//STM32F4xx_HAL_Driver/libstm32fw.a(stm32f4xx_hal_gpio.o)
 .debug_loc     0x000065a2     0x3582 ./Drivers//STM32F4xx_HAL_Driver/libstm32fw.a(stm32f4xx_hal_i2c.o)
 .debug_loc     0x00009b24     0x13f2 ./Drivers//STM32F4xx_HAL_Driver/libstm32fw.a(stm32f4xx_hal_ltdc.o)
 .debug_loc     0x0000af16      0x307 ./Drivers//STM32F4xx_HAL_Driver/libstm32fw.a(stm32f4xx_hal_pwr_ex.o)
 .debug_loc     0x0000b21d      0x51c ./Drivers//STM32F4xx_HAL_Driver/libstm32fw.a(stm32f4xx_hal_rcc.o)
 .debug_loc     0x0000b739      0x34f ./Drivers//STM32F4xx_HAL_Driver/libstm32fw.a(stm32f4xx_hal_rcc_ex.o)
 .debug_loc     0x0000ba88      0xafe ./Drivers//STM32F4xx_HAL_Driver/libstm32fw.a(stm32f4xx_hal_sdram.o)
 .debug_loc     0x0000c586     0x1ba6 ./Drivers//STM32F4xx_HAL_Driver/libstm32fw.a(stm32f4xx_hal_spi.o)
 .debug_loc     0x0000e12c     0x1349 ./Drivers//STM32F4xx_HAL_Driver/libstm32fw.a(stm32f4xx_hal_uart.o)
 .debug_loc     0x0000f475      0xbb2 ./Drivers//STM32F4xx_HAL_Driver/libstm32fw.a(stm32f4xx_ll_fmc.o)

.debug_str      0x00000000     0x54fe
 .debug_str     0x00000000      0x334 Drivers/CMSIS/Device/ST/STM32F4xx//Source/Templates/system_stm32f4xx.o
                                0x399 (size before relaxing)
 .debug_str     0x00000334       0x3f Src/font12.o
                                0x1a6 (size before relaxing)
 .debug_str     0x00000373       0x21 Src/font24.o
                                0x1a6 (size before relaxing)
 .debug_str     0x00000394      0x165 Src/ili9341.o
                                0x342 (size before relaxing)
 .debug_str     0x000004f9     0x18c6 Src/main.o
                               0x1c74 (size before relaxing)
 .debug_str     0x00001dbf      0x3f3 Src/stm32f429i_discovery.o
                               0x140c (size before relaxing)
 .debug_str     0x000021b2      0x8f6 Src/stm32f429i_discovery_lcd.o
                               0x138b (size before relaxing)
 .debug_str     0x00002aa8      0x23a Src/stm32f429i_discovery_sdram.o
                                0xfd2 (size before relaxing)
 .debug_str     0x00002ce2      0x187 Src/stm32f4xx_hal_msp.o
                               0x17c4 (size before relaxing)
 .debug_str     0x00002e69      0x121 Src/stm32f4xx_it.o
                                0x77d (size before relaxing)
 .debug_str     0x00002f8a      0x27e Src/syscalls.o
                                0x447 (size before relaxing)
 .debug_str     0x00003208      0x27e ./Drivers//STM32F4xx_HAL_Driver/libstm32fw.a(stm32f4xx_hal.o)
                                0xb19 (size before relaxing)
 .debug_str     0x00003486      0x2b4 ./Drivers//STM32F4xx_HAL_Driver/libstm32fw.a(stm32f4xx_hal_cortex.o)
                                0xc2b (size before relaxing)
 .debug_str     0x0000373a      0x2b0 ./Drivers//STM32F4xx_HAL_Driver/libstm32fw.a(stm32f4xx_hal_dma.o)
                                0x760 (size before relaxing)
 .debug_str     0x000039ea      0x2a8 ./Drivers//STM32F4xx_HAL_Driver/libstm32fw.a(stm32f4xx_hal_dma2d.o)
                                0x89b (size before relaxing)
 .debug_str     0x00003c92       0xd6 ./Drivers//STM32F4xx_HAL_Driver/libstm32fw.a(stm32f4xx_hal_gpio.o)
                                0x4e7 (size before relaxing)
 .debug_str     0x00003d68      0x66d ./Drivers//STM32F4xx_HAL_Driver/libstm32fw.a(stm32f4xx_hal_i2c.o)
                                0xe25 (size before relaxing)
 .debug_str     0x000043d5      0x202 ./Drivers//STM32F4xx_HAL_Driver/libstm32fw.a(stm32f4xx_hal_ltdc.o)
                                0x942 (size before relaxing)
 .debug_str     0x000045d7      0x12a ./Drivers//STM32F4xx_HAL_Driver/libstm32fw.a(stm32f4xx_hal_pwr_ex.o)
                                0x4f2 (size before relaxing)
 .debug_str     0x00004701      0x11d ./Drivers//STM32F4xx_HAL_Driver/libstm32fw.a(stm32f4xx_hal_rcc.o)
                                0x6b3 (size before relaxing)
 .debug_str     0x0000481e       0x5d ./Drivers//STM32F4xx_HAL_Driver/libstm32fw.a(stm32f4xx_hal_rcc_ex.o)
                                0x4b6 (size before relaxing)
 .debug_str     0x0000487b      0x232 ./Drivers//STM32F4xx_HAL_Driver/libstm32fw.a(stm32f4xx_hal_sdram.o)
                                0x9d6 (size before relaxing)
 .debug_str     0x00004aad      0x2ec ./Drivers//STM32F4xx_HAL_Driver/libstm32fw.a(stm32f4xx_hal_spi.o)
                                0x9f7 (size before relaxing)
 .debug_str     0x00004d99      0x2c7 ./Drivers//STM32F4xx_HAL_Driver/libstm32fw.a(stm32f4xx_hal_uart.o)
                                0x9f7 (size before relaxing)
 .debug_str     0x00005060      0x49e ./Drivers//STM32F4xx_HAL_Driver/libstm32fw.a(stm32f4xx_ll_fmc.o)
                                0x9a1 (size before relaxing)

.comment        0x00000000       0x6e
 .comment       0x00000000       0x6e Drivers/CMSIS/Device/ST/STM32F4xx//Source/Templates/system_stm32f4xx.o
                                 0x6f (size before relaxing)
 .comment       0x0000006e       0x6f Src/font12.o
 .comment       0x0000006e       0x6f Src/font24.o
 .comment       0x0000006e       0x6f Src/ili9341.o
 .comment       0x0000006e       0x6f Src/main.o
 .comment       0x0000006e       0x6f Src/stm32f429i_discovery.o
 .comment       0x0000006e       0x6f Src/stm32f429i_discovery_lcd.o
 .comment       0x0000006e       0x6f Src/stm32f429i_discovery_sdram.o
 .comment       0x0000006e       0x6f Src/stm32f4xx_hal_msp.o
 .comment       0x0000006e       0x6f Src/stm32f4xx_it.o
 .comment       0x0000006e       0x6f Src/syscalls.o
 .comment       0x0000006e       0x6f ./Drivers//STM32F4xx_HAL_Driver/libstm32fw.a(stm32f4xx_hal.o)
 .comment       0x0000006e       0x6f ./Drivers//STM32F4xx_HAL_Driver/libstm32fw.a(stm32f4xx_hal_cortex.o)
 .comment       0x0000006e       0x6f ./Drivers//STM32F4xx_HAL_Driver/libstm32fw.a(stm32f4xx_hal_dma.o)
 .comment       0x0000006e       0x6f ./Drivers//STM32F4xx_HAL_Driver/libstm32fw.a(stm32f4xx_hal_dma2d.o)
 .comment       0x0000006e       0x6f ./Drivers//STM32F4xx_HAL_Driver/libstm32fw.a(stm32f4xx_hal_gpio.o)
 .comment       0x0000006e       0x6f ./Drivers//STM32F4xx_HAL_Driver/libstm32fw.a(stm32f4xx_hal_i2c.o)
 .comment       0x0000006e       0x6f ./Drivers//STM32F4xx_HAL_Driver/libstm32fw.a(stm32f4xx_hal_ltdc.o)
 .comment       0x0000006e       0x6f ./Drivers//STM32F4xx_HAL_Driver/libstm32fw.a(stm32f4xx_hal_pwr_ex.o)
 .comment       0x0000006e       0x6f ./Drivers//STM32F4xx_HAL_Driver/libstm32fw.a(stm32f4xx_hal_rcc.o)
 .comment       0x0000006e       0x6f ./Drivers//STM32F4xx_HAL_Driver/libstm32fw.a(stm32f4xx_hal_rcc_ex.o)
 .comment       0x0000006e       0x6f ./Drivers//STM32F4xx_HAL_Driver/libstm32fw.a(stm32f4xx_hal_sdram.o)
 .comment       0x0000006e       0x6f ./Drivers//STM32F4xx_HAL_Driver/libstm32fw.a(stm32f4xx_hal_spi.o)
 .comment       0x0000006e       0x6f ./Drivers//STM32F4xx_HAL_Driver/libstm32fw.a(stm32f4xx_hal_uart.o)
 .comment       0x0000006e       0x6f ./Drivers//STM32F4xx_HAL_Driver/libstm32fw.a(stm32f4xx_ll_fmc.o)

.debug_frame    0x00000000     0x3ee8
 .debug_frame   0x00000000       0x3c Drivers/CMSIS/Device/ST/STM32F4xx//Source/Templates/system_stm32f4xx.o
 .debug_frame   0x0000003c       0xb8 Src/ili9341.o
 .debug_frame   0x000000f4       0xc4 Src/main.o
 .debug_frame   0x000001b8      0x318 Src/stm32f429i_discovery.o
 .debug_frame   0x000004d0      0x5e0 Src/stm32f429i_discovery_lcd.o
 .debug_frame   0x00000ab0       0xd8 Src/stm32f429i_discovery_sdram.o
 .debug_frame   0x00000b88      0x190 Src/stm32f4xx_hal_msp.o
 .debug_frame   0x00000d18      0x108 Src/stm32f4xx_it.o
 .debug_frame   0x00000e20      0x178 Src/syscalls.o
 .debug_frame   0x00000f98      0x1a8 ./Drivers//STM32F4xx_HAL_Driver/libstm32fw.a(stm32f4xx_hal.o)
 .debug_frame   0x00001140      0x168 ./Drivers//STM32F4xx_HAL_Driver/libstm32fw.a(stm32f4xx_hal_cortex.o)
 .debug_frame   0x000012a8      0x174 ./Drivers//STM32F4xx_HAL_Driver/libstm32fw.a(stm32f4xx_hal_dma.o)
 .debug_frame   0x0000141c      0x3d0 ./Drivers//STM32F4xx_HAL_Driver/libstm32fw.a(stm32f4xx_hal_dma2d.o)
 .debug_frame   0x000017ec       0xd8 ./Drivers//STM32F4xx_HAL_Driver/libstm32fw.a(stm32f4xx_hal_gpio.o)
 .debug_frame   0x000018c4      0x738 ./Drivers//STM32F4xx_HAL_Driver/libstm32fw.a(stm32f4xx_hal_i2c.o)
 .debug_frame   0x00001ffc      0x484 ./Drivers//STM32F4xx_HAL_Driver/libstm32fw.a(stm32f4xx_hal_ltdc.o)
 .debug_frame   0x00002480      0x11c ./Drivers//STM32F4xx_HAL_Driver/libstm32fw.a(stm32f4xx_hal_pwr_ex.o)
 .debug_frame   0x0000259c      0x164 ./Drivers//STM32F4xx_HAL_Driver/libstm32fw.a(stm32f4xx_hal_rcc.o)